hot cross  6->15 plant   0 seed 0: t   4.6 energy 4.40 lf_min 0.93 al_max -0.3 viol 0.0% interv 49 unver 20
hot cross 15-> 6 plant   0 seed 0: t   5.0 energy 4.64 lf_min 0.97 al_max -2.0 viol 0.0% interv 0 unver 0
hot cross  6->15 plant   1 seed 0: t   4.0 energy 4.29 lf_min 0.94 al_max -0.3 viol 0.0% interv 14 unver 6
hot cross 15-> 6 plant   1 seed 0: t   5.0 energy 4.48 lf_min 0.95 al_max 1.2 viol 0.0% interv 0 unver 0
hot cross  6->15 plant   2 seed 0: t   5.0 energy 3.74 lf_min 0.92 al_max -0.1 viol 0.0% interv 0 unver 0
hot cross 15-> 6 plant   2 seed 0: t   5.7 energy 4.58 lf_min 0.85 al_max -0.3 viol 0.0% interv 0 unver 0
hot cross  6->15 plant   3 seed 0: t   4.8 energy 3.62 lf_min 0.96 al_max 0.2 viol 0.0% interv 0 unver 0
hot cross 15-> 6 plant   3 seed 0: t   6.7 energy 4.39 lf_min 0.83 al_max -0.5 viol 0.0% interv 0 unver 0
hot cross  6->15 plant   4 seed 0: t   nan energy 4.79 lf_min 0.96 al_max -0.3 viol 0.0% interv 16 unver 0
hot cross 15-> 6 plant   4 seed 0: t   4.7 energy 4.61 lf_min 0.97 al_max -2.1 viol 0.0% interv 0 unver 0
hot cross  6->15 plant   5 seed 0: t   nan energy 4.50 lf_min 0.95 al_max -0.5 viol 0.0% interv 29 unver 0
hot cross 15-> 6 plant   5 seed 0: t   4.5 energy 4.61 lf_min 0.96 al_max -1.1 viol 0.0% interv 0 unver 0
hot cross  6->15 plant   6 seed 0: t  12.7 energy 4.30 lf_min 0.95 al_max -0.2 viol 0.0% interv 0 unver 0
hot cross 15-> 6 plant   6 seed 0: t   4.6 energy 4.57 lf_min 0.97 al_max -0.4 viol 0.0% interv 0 unver 0
hot cross  6->15 plant   7 seed 0: t   4.0 energy 3.90 lf_min 0.90 al_max -0.3 viol 0.0% interv 13 unver 8
hot cross 15-> 6 plant   7 seed 0: t   4.8 energy 4.35 lf_min 0.94 al_max 1.2 viol 0.0% interv 0 unver 0
hot cross  6->15 plant   8 seed 0: t   nan energy 4.66 lf_min 0.97 al_max -0.1 viol 0.0% interv 18 unver 7
hot cross 15-> 6 plant   8 seed 0: t   4.7 energy 4.50 lf_min 0.96 al_max 0.4 viol 0.0% interv 0 unver 0
hot cross  6->15 plant   9 seed 0: t   5.4 energy 4.38 lf_min 0.93 al_max -0.3 viol 0.0% interv 2 unver 0
hot cross 15-> 6 plant   9 seed 0: t   4.7 energy 4.35 lf_min 0.91 al_max 0.4 viol 0.0% interv 1 unver 1
hot cross  6->15 plant  10 seed 0: t   4.9 energy 4.32 lf_min 0.95 al_max -0.5 viol 0.0% interv 9 unver 4
hot cross 15-> 6 plant  10 seed 0: t   nan energy 4.63 lf_min 0.96 al_max -2.3 viol 0.0% interv 0 unver 0
hot cross  6->15 plant  11 seed 0: t   4.5 energy 4.18 lf_min 0.95 al_max -0.2 viol 0.0% interv 1 unver 0
hot cross 15-> 6 plant  11 seed 0: t   5.2 energy 4.54 lf_min 0.94 al_max 1.0 viol 0.0% interv 0 unver 0
hot cross  6->15 plant  12 seed 0: t   3.8 energy 4.47 lf_min 0.93 al_max -0.5 viol 0.0% interv 10 unver 7
hot cross 15-> 6 plant  12 seed 0: t   nan energy 4.49 lf_min 0.87 al_max -0.7 viol 0.0% interv 17 unver 17
hot cross  6->15 plant  13 seed 0: t  12.4 energy 4.04 lf_min 0.94 al_max -0.1 viol 0.0% interv 2 unver 0
hot cross 15-> 6 plant  13 seed 0: t   5.0 energy 4.56 lf_min 0.94 al_max 2.0 viol 0.0% interv 0 unver 0
hot cross  6->15 plant  14 seed 0: t   4.1 energy 4.09 lf_min 0.93 al_max -0.3 viol 0.0% interv 10 unver 6
hot cross 15-> 6 plant  14 seed 0: t   5.2 energy 4.38 lf_min 0.95 al_max -0.6 viol 0.0% interv 0 unver 0
hot cross  6->15 plant  15 seed 0: t   4.4 energy 3.90 lf_min 0.93 al_max -0.2 viol 0.0% interv 2 unver 0
hot cross 15-> 6 plant  15 seed 0: t   5.1 energy 4.51 lf_min 0.93 al_max 0.8 viol 0.0% interv 0 unver 0
hot cross  6->15 plant  16 seed 0: t  11.2 energy 4.20 lf_min 0.92 al_max -0.3 viol 0.0% interv 2 unver 0
hot cross 15-> 6 plant  16 seed 0: t   4.3 energy 4.50 lf_min 0.95 al_max 0.5 viol 0.0% interv 0 unver 0
hot cross  6->15 plant  17 seed 0: t   4.5 energy 4.74 lf_min 0.95 al_max -0.3 viol 0.0% interv 58 unver 0
hot cross 15-> 6 plant  17 seed 0: t   nan energy 4.35 lf_min 0.91 al_max 0.1 viol 0.0% interv 1 unver 1
hot cross  6->15 plant  18 seed 0: t   5.4 energy 3.97 lf_min 0.92 al_max -0.2 viol 0.0% interv 1 unver 0
hot cross 15-> 6 plant  18 seed 0: t   nan energy 4.50 lf_min 0.92 al_max 0.6 viol 0.0% interv 1 unver 1
hot cross  6->15 plant  19 seed 0: t   4.8 energy 4.59 lf_min 0.92 al_max -0.1 viol 0.0% interv 33 unver 0
hot cross 15-> 6 plant  19 seed 0: t   4.7 energy 4.52 lf_min 0.95 al_max 2.8 viol 0.0% interv 0 unver 0
hot cross  6->15 plant  20 seed 0: t  10.1 energy 4.05 lf_min 0.94 al_max -0.1 viol 0.0% interv 2 unver 0
hot cross 15-> 6 plant  20 seed 0: t   4.8 energy 4.65 lf_min 0.90 al_max 2.2 viol 0.0% interv 0 unver 0
hot cross  6->15 plant  21 seed 0: t   3.9 energy 3.87 lf_min 0.90 al_max 0.3 viol 0.0% interv 15 unver 7
hot cross 15-> 6 plant  21 seed 0: t   5.4 energy 4.40 lf_min 0.91 al_max 2.2 viol 0.0% interv 0 unver 0
hot cross  6->15 plant  22 seed 0: t   4.2 energy 3.94 lf_min 0.93 al_max -0.3 viol 0.0% interv 8 unver 3
hot cross 15-> 6 plant  22 seed 0: t   5.0 energy 4.45 lf_min 0.95 al_max -0.1 viol 0.0% interv 0 unver 0
hot cross  6->15 plant  23 seed 0: t   4.0 energy 4.28 lf_min 0.95 al_max -0.2 viol 0.0% interv 22 unver 5
hot cross 15-> 6 plant  23 seed 0: t   5.6 energy 4.42 lf_min 0.97 al_max -2.2 viol 0.0% interv 0 unver 0
hot cross  6->15 plant  24 seed 0: t  11.9 energy 4.48 lf_min 0.92 al_max -0.2 viol 0.0% interv 2 unver 0
hot cross 15-> 6 plant  24 seed 0: t   4.5 energy 4.49 lf_min 0.94 al_max 2.5 viol 0.0% interv 0 unver 0
hot cross  6->15 plant  25 seed 0: t  11.1 energy 4.19 lf_min 0.94 al_max -0.1 viol 0.0% interv 3 unver 0
hot cross 15-> 6 plant  25 seed 0: t   4.8 energy 4.48 lf_min 0.95 al_max 1.8 viol 0.0% interv 0 unver 0
hot cross  6->15 plant  26 seed 0: t   5.6 energy 4.22 lf_min 0.93 al_max -0.4 viol 0.0% interv 0 unver 0
hot cross 15-> 6 plant  26 seed 0: t   4.9 energy 4.57 lf_min 0.96 al_max -2.3 viol 0.0% interv 0 unver 0
hot cross  6->15 plant  27 seed 0: t   nan energy 4.82 lf_min 0.96 al_max -0.4 viol 0.0% interv 38 unver 3
hot cross 15-> 6 plant  27 seed 0: t   4.9 energy 4.68 lf_min 0.95 al_max -2.7 viol 0.0% interv 0 unver 0
hot cross  6->15 plant  28 seed 0: t   4.7 energy 4.39 lf_min 0.89 al_max 1.8 viol 0.0% interv 111 unver 98
hot cross 15-> 6 plant  28 seed 0: t   4.9 energy 4.44 lf_min 0.98 al_max -1.4 viol 0.0% interv 0 unver 0
hot cross  6->15 plant  29 seed 0: t   4.7 energy 4.58 lf_min 0.95 al_max -0.3 viol 0.0% interv 21 unver 0
hot cross 15-> 6 plant  29 seed 0: t   5.0 energy 4.58 lf_min 0.96 al_max -1.6 viol 0.0% interv 0 unver 0
hot cross  6->15 plant  30 seed 0: t   4.8 energy 4.38 lf_min 0.94 al_max -0.2 viol 0.0% interv 4 unver 0
hot cross 15-> 6 plant  30 seed 0: t   4.7 energy 4.39 lf_min 0.92 al_max 1.0 viol 0.0% interv 1 unver 1
hot cross  6->15 plant  31 seed 0: t   3.7 energy 4.22 lf_min 0.93 al_max -0.3 viol 0.0% interv 5 unver 2
hot cross 15-> 6 plant  31 seed 0: t   4.9 energy 4.53 lf_min 0.96 al_max 0.1 viol 0.0% interv 0 unver 0
hot cross  6->15 plant  32 seed 0: t   4.8 energy 3.76 lf_min 0.92 al_max -0.2 viol 0.0% interv 3 unver 0
hot cross 15-> 6 plant  32 seed 0: t   nan energy 4.45 lf_min 0.88 al_max 0.8 viol 0.0% interv 1 unver 1
hot cross  6->15 plant  33 seed 0: t  13.1 energy 4.17 lf_min 0.94 al_max -0.2 viol 0.0% interv 2 unver 0
hot cross 15-> 6 plant  33 seed 0: t   4.7 energy 4.49 lf_min 0.95 al_max -0.1 viol 0.0% interv 0 unver 0
hot cross  6->15 plant  34 seed 0: t   4.7 energy 4.25 lf_min 0.95 al_max -0.3 viol 0.0% interv 9 unver 3
hot cross 15-> 6 plant  34 seed 0: t   5.6 energy 4.45 lf_min 0.96 al_max -1.3 viol 0.0% interv 0 unver 0
hot cross  6->15 plant  35 seed 0: t   4.2 energy 4.14 lf_min 0.91 al_max -0.1 viol 0.0% interv 3 unver 0
hot cross 15-> 6 plant  35 seed 0: t   4.8 energy 4.50 lf_min 0.95 al_max 2.9 viol 0.0% interv 0 unver 0
hot cross  6->15 plant  36 seed 0: t   4.6 energy 3.79 lf_min 0.94 al_max -0.1 viol 0.0% interv 6 unver 0
hot cross 15-> 6 plant  36 seed 0: t   5.1 energy 4.38 lf_min 0.95 al_max 0.8 viol 0.0% interv 0 unver 0
hot cross  6->15 plant  37 seed 0: t   5.7 energy 4.41 lf_min 0.95 al_max -0.2 viol 0.0% interv 2 unver 0
hot cross 15-> 6 plant  37 seed 0: t   4.4 energy 4.47 lf_min 0.96 al_max 0.1 viol 0.0% interv 0 unver 0
hot cross  6->15 plant  38 seed 0: t   5.0 energy 4.10 lf_min 0.94 al_max -0.2 viol 0.0% interv 0 unver 0
hot cross 15-> 6 plant  38 seed 0: t   5.0 energy 4.54 lf_min 0.97 al_max -2.1 viol 0.0% interv 0 unver 0
hot cross  6->15 plant  39 seed 0: t   5.4 energy 4.38 lf_min 0.94 al_max -0.3 viol 0.0% interv 0 unver 0
hot cross 15-> 6 plant  39 seed 0: t   nan energy 4.51 lf_min 0.93 al_max 0.4 viol 0.0% interv 1 unver 1
hot cross  6->15 plant  40 seed 0: t   4.2 energy 4.23 lf_min 0.94 al_max -0.3 viol 0.0% interv 16 unver 7
hot cross 15-> 6 plant  40 seed 0: t   5.0 energy 4.49 lf_min 0.95 al_max -0.5 viol 0.0% interv 0 unver 0
hot cross  6->15 plant  41 seed 0: t   5.7 energy 4.14 lf_min 0.93 al_max -0.1 viol 0.0% interv 0 unver 0
hot cross 15-> 6 plant  41 seed 0: t   4.8 energy 4.66 lf_min 0.95 al_max -0.3 viol 0.0% interv 0 unver 0
hot cross  6->15 plant  42 seed 0: t  11.6 energy 3.98 lf_min 0.90 al_max -0.2 viol 0.0% interv 2 unver 0
hot cross 15-> 6 plant  42 seed 0: t   4.5 energy 4.48 lf_min 0.95 al_max 2.0 viol 0.0% interv 0 unver 0
hot cross  6->15 plant  43 seed 0: t   5.4 energy 4.27 lf_min 0.92 al_max -0.1 viol 0.0% interv 3 unver 0
hot cross 15-> 6 plant  43 seed 0: t   4.8 energy 4.47 lf_min 0.94 al_max 2.7 viol 0.0% interv 0 unver 0
hot cross  6->15 plant  44 seed 0: t  11.5 energy 4.20 lf_min 0.95 al_max -0.2 viol 0.0% interv 1 unver 0
hot cross 15-> 6 plant  44 seed 0: t   4.7 energy 4.64 lf_min 0.97 al_max -0.1 viol 0.0% interv 0 unver 0
hot cross  6->15 plant  45 seed 0: t   4.1 energy 3.97 lf_min 0.93 al_max -0.3 viol 0.0% interv 33 unver 26
hot cross 15-> 6 plant  45 seed 0: t   4.7 energy 4.43 lf_min 0.95 al_max -0.1 viol 0.0% interv 0 unver 0
hot cross  6->15 plant  46 seed 0: t   4.2 energy 4.40 lf_min 0.95 al_max -0.2 viol 0.0% interv 24 unver 20
hot cross 15-> 6 plant  46 seed 0: t   4.9 energy 4.53 lf_min 0.96 al_max 0.7 viol 0.0% interv 0 unver 0
hot cross  6->15 plant  47 seed 0: t   5.2 energy 4.26 lf_min 0.93 al_max -0.2 viol 0.0% interv 3 unver 0
hot cross 15-> 6 plant  47 seed 0: t   4.9 energy 4.48 lf_min 0.92 al_max 0.4 viol 0.0% interv 1 unver 1
hot cross  6->15 plant  48 seed 0: t   3.8 energy 3.80 lf_min 0.94 al_max -0.1 viol 0.0% interv 40 unver 7
hot cross 15-> 6 plant  48 seed 0: t   5.5 energy 4.47 lf_min 0.91 al_max 0.1 viol 0.0% interv 0 unver 0
hot cross  6->15 plant  49 seed 0: t   4.5 energy 4.32 lf_min 0.95 al_max -0.1 viol 0.0% interv 3 unver 0
hot cross 15-> 6 plant  49 seed 0: t   4.4 energy 4.50 lf_min 0.96 al_max 1.5 viol 0.0% interv 0 unver 0
done 5314 s
