hot gust0.25  6->15 plant  -1 seed 0: t   4.9 energy 4.18 lf_min 0.95 al_max -0.2 viol 0.0% interv 3 unver 0
hot gust0.25 15-> 6 plant  -1 seed 0: t   4.5 energy 4.51 lf_min 0.90 al_max -0.5 viol 0.0% interv 0 unver 0
hot gust0.25  6->15 plant  -1 seed 1: t   4.5 energy 4.10 lf_min 0.94 al_max -0.2 viol 0.0% interv 2 unver 0
hot gust0.25 15-> 6 plant  -1 seed 1: t   4.8 energy 4.56 lf_min 0.97 al_max 1.0 viol 0.0% interv 0 unver 0
hot gust0.25  6->15 plant  -1 seed 2: t   4.5 energy 4.10 lf_min 0.96 al_max -0.1 viol 0.0% interv 3 unver 0
hot gust0.25 15-> 6 plant  -1 seed 2: t   4.7 energy 4.55 lf_min 0.95 al_max 0.9 viol 0.0% interv 0 unver 0
hot gust0.25  6->15 plant  -1 seed 3: t   4.4 energy 4.19 lf_min 0.94 al_max 0.0 viol 0.0% interv 2 unver 0
hot gust0.25 15-> 6 plant  -1 seed 3: t   5.8 energy 4.44 lf_min 0.97 al_max 1.5 viol 0.0% interv 1 unver 1
hot gust0.25  6->15 plant  -1 seed 4: t   4.5 energy 4.59 lf_min 0.85 al_max -0.2 viol 0.0% interv 72 unver 71
hot gust0.25 15-> 6 plant  -1 seed 4: t   4.5 energy 4.49 lf_min 0.93 al_max -0.3 viol 0.0% interv 0 unver 0
hot gust0.25  6->15 plant  -1 seed 5: t   4.5 energy 4.29 lf_min 0.90 al_max -0.2 viol 0.0% interv 6 unver 0
hot gust0.25 15-> 6 plant  -1 seed 5: t   4.7 energy 4.50 lf_min 0.95 al_max 0.8 viol 0.0% interv 0 unver 0
hot gust0.25  6->15 plant  -1 seed 6: t   4.5 energy 4.18 lf_min 0.89 al_max -0.2 viol 0.0% interv 13 unver 0
hot gust0.25 15-> 6 plant  -1 seed 6: t   4.6 energy 4.53 lf_min 0.93 al_max 0.6 viol 0.0% interv 0 unver 0
hot gust0.25  6->15 plant  -1 seed 7: t   4.5 energy 4.18 lf_min 0.94 al_max -0.2 viol 0.0% interv 2 unver 0
hot gust0.25 15-> 6 plant  -1 seed 7: t   4.8 energy 4.54 lf_min 0.97 al_max 0.6 viol 0.0% interv 0 unver 0
hot gust0.25  6->15 plant  -1 seed 8: t   4.5 energy 4.15 lf_min 0.95 al_max -0.1 viol 0.0% interv 2 unver 0
hot gust0.25 15-> 6 plant  -1 seed 8: t   4.7 energy 4.56 lf_min 0.97 al_max 1.0 viol 0.0% interv 0 unver 0
hot gust0.25  6->15 plant  -1 seed 9: t   4.5 energy 4.34 lf_min 0.90 al_max -0.2 viol 0.0% interv 6 unver 0
hot gust0.25 15-> 6 plant  -1 seed 9: t   4.7 energy 4.49 lf_min 0.93 al_max 0.8 viol 0.0% interv 0 unver 0
hot gust0.5  6->15 plant  -1 seed 0: t   5.0 energy 4.15 lf_min 0.90 al_max -0.2 viol 0.0% interv 4 unver 0
hot gust0.5 15-> 6 plant  -1 seed 0: t   4.5 energy 4.54 lf_min 0.86 al_max -0.2 viol 0.0% interv 5 unver 5
hot gust0.5  6->15 plant  -1 seed 1: t   4.4 energy 4.01 lf_min 0.92 al_max -0.2 viol 0.0% interv 3 unver 0
hot gust0.5 15-> 6 plant  -1 seed 1: t   4.8 energy 4.62 lf_min 0.96 al_max 1.5 viol 0.0% interv 0 unver 0
hot gust0.5  6->15 plant  -1 seed 2: t   4.5 energy 4.02 lf_min 0.95 al_max -0.0 viol 0.0% interv 2 unver 0
hot gust0.5 15-> 6 plant  -1 seed 2: t   4.7 energy 4.62 lf_min 0.94 al_max 1.3 viol 0.0% interv 0 unver 0
hot gust0.5  6->15 plant  -1 seed 3: t   4.2 energy 4.19 lf_min 0.89 al_max 0.2 viol 0.0% interv 10 unver 3
hot gust0.5 15-> 6 plant  -1 seed 3: t   nan energy 4.38 lf_min 0.95 al_max 4.0 viol 0.0% interv 18 unver 18
hot gust0.5  6->15 plant  -1 seed 4: t   4.7 energy 5.42 lf_min 0.78 al_max -0.3 viol 46.8% interv 248 unver 244
hot gust0.5 15-> 6 plant  -1 seed 4: t   4.5 energy 4.56 lf_min 0.89 al_max -0.7 viol 0.0% interv 0 unver 0
hot gust0.5  6->15 plant  -1 seed 5: t   4.5 energy 4.45 lf_min 0.86 al_max -0.2 viol 0.0% interv 15 unver 2
hot gust0.5 15-> 6 plant  -1 seed 5: t   4.8 energy 4.52 lf_min 0.91 al_max 1.9 viol 0.0% interv 0 unver 0
hot gust0.5  6->15 plant  -1 seed 6: t   4.5 energy 4.40 lf_min 0.81 al_max 2.4 viol 0.0% interv 118 unver 116
hot gust0.5 15-> 6 plant  -1 seed 6: t   4.5 energy 4.54 lf_min 0.90 al_max 0.9 viol 0.0% interv 0 unver 0
hot gust0.5  6->15 plant  -1 seed 7: t   4.5 energy 4.19 lf_min 0.90 al_max -0.2 viol 0.0% interv 4 unver 0
hot gust0.5 15-> 6 plant  -1 seed 7: t   4.8 energy 4.59 lf_min 0.96 al_max 2.2 viol 0.0% interv 0 unver 0
hot gust0.5  6->15 plant  -1 seed 8: t   4.7 energy 4.10 lf_min 0.91 al_max -0.0 viol 0.0% interv 2 unver 0
hot gust0.5 15-> 6 plant  -1 seed 8: t   4.7 energy 4.59 lf_min 0.93 al_max 2.2 viol 0.0% interv 0 unver 0
hot gust0.5  6->15 plant  -1 seed 9: t   4.4 energy 5.21 lf_min 0.84 al_max -0.3 viol 10.2% interv 166 unver 150
hot gust0.5 15-> 6 plant  -1 seed 9: t   4.6 energy 4.53 lf_min 0.90 al_max 1.2 viol 0.0% interv 3 unver 0
hot gust1.0  6->15 plant  -1 seed 0: t   5.7 energy 4.41 lf_min 0.86 al_max 1.2 viol 0.0% interv 36 unver 29
hot gust1.0 15-> 6 plant  -1 seed 0: t   nan energy 5.11 lf_min 0.80 al_max 1.5 viol 15.5% interv 81 unver 80
hot gust1.0  6->15 plant  -1 seed 1: t   4.2 energy 3.86 lf_min 0.89 al_max -0.3 viol 0.0% interv 8 unver 0
hot gust1.0 15-> 6 plant  -1 seed 1: t   5.0 energy 4.76 lf_min 0.93 al_max 2.4 viol 0.0% interv 0 unver 0
hot gust1.0  6->15 plant  -1 seed 2: t   4.7 energy 3.90 lf_min 0.91 al_max 0.2 viol 0.0% interv 3 unver 0
hot gust1.0 15-> 6 plant  -1 seed 2: t   5.1 energy 4.62 lf_min 0.92 al_max 1.7 viol 0.0% interv 1 unver 1
hot gust1.0  6->15 plant  -1 seed 3: t   nan energy 4.65 lf_min 0.88 al_max 0.8 viol 0.0% interv 7 unver 5
hot gust1.0 15-> 6 plant  -1 seed 3: t   nan energy 3.96 lf_min 0.91 al_max 6.4 viol 3.8% interv 27 unver 27
hot gust1.0  6->15 plant  -1 seed 4: t   nan energy 7.11 lf_min 0.73 al_max 3.0 viol 56.0% interv 259 unver 254
hot gust1.0 15-> 6 plant  -1 seed 4: t   4.2 energy 7.05 lf_min 0.87 al_max 3.8 viol 57.8% interv 275 unver 270
hot gust1.0  6->15 plant  -1 seed 5: t   4.3 energy 5.30 lf_min 0.68 al_max -0.1 viol 29.2% interv 186 unver 182
hot gust1.0 15-> 6 plant  -1 seed 5: t   5.0 energy 5.65 lf_min 0.89 al_max 4.1 viol 15.2% interv 83 unver 80
hot gust1.0  6->15 plant  -1 seed 6: t   4.5 energy 4.84 lf_min 0.68 al_max 2.4 viol 17.8% interv 128 unver 123
hot gust1.0 15-> 6 plant  -1 seed 6: t   4.6 energy 4.61 lf_min 0.84 al_max 1.0 viol 0.0% interv 5 unver 5
hot gust1.0  6->15 plant  -1 seed 7: t   5.0 energy 4.17 lf_min 0.82 al_max -0.3 viol 0.0% interv 5 unver 2
hot gust1.0 15-> 6 plant  -1 seed 7: t   5.1 energy 4.64 lf_min 0.93 al_max 5.2 viol 1.0% interv 1 unver 0
hot gust1.0  6->15 plant  -1 seed 8: t  15.7 energy 4.31 lf_min 0.87 al_max 0.3 viol 0.0% interv 9 unver 4
hot gust1.0 15-> 6 plant  -1 seed 8: t   nan energy 4.27 lf_min 0.89 al_max 4.2 viol 0.0% interv 8 unver 8
hot gust1.0  6->15 plant  -1 seed 9: t   4.8 energy 6.10 lf_min 0.76 al_max 0.5 viol 57.2% interv 263 unver 255
hot gust1.0 15-> 6 plant  -1 seed 9: t   5.5 energy 6.47 lf_min 0.83 al_max 0.9 viol 51.0% interv 255 unver 255
hot gust1.5  6->15 plant  -1 seed 0: t   6.3 energy 4.58 lf_min 0.86 al_max 1.0 viol 0.0% interv 24 unver 21
hot gust1.5 15-> 6 plant  -1 seed 0: t   4.4 energy 5.47 lf_min 0.77 al_max 3.1 viol 26.5% interv 111 unver 111
hot gust1.5  6->15 plant  -1 seed 1: t   4.1 energy 3.74 lf_min 0.88 al_max -0.3 viol 0.0% interv 4 unver 1
hot gust1.5 15-> 6 plant  -1 seed 1: t   5.2 energy 4.77 lf_min 0.91 al_max 3.2 viol 0.0% interv 0 unver 0
hot gust1.5  6->15 plant  -1 seed 2: t   4.8 energy 3.87 lf_min 0.89 al_max 0.4 viol 0.0% interv 5 unver 0
hot gust1.5 15-> 6 plant  -1 seed 2: t  14.3 energy 4.69 lf_min 0.90 al_max 3.3 viol 0.0% interv 13 unver 13
hot gust1.5  6->15 plant  -1 seed 3: t   nan energy 4.92 lf_min 0.81 al_max 0.4 viol 0.0% interv 22 unver 18
hot gust1.5 15-> 6 plant  -1 seed 3: t   nan energy 2.39 lf_min 0.88 al_max 8.4 viol 32.2% interv 140 unver 138
hot gust1.5  6->15 plant  -1 seed 4: t   nan energy 7.30 lf_min 0.70 al_max 3.8 viol 56.0% interv 246 unver 243
hot gust1.5 15-> 6 plant  -1 seed 4: t   4.2 energy 5.07 lf_min 0.80 al_max 2.8 viol 0.0% interv 25 unver 10
hot gust1.5  6->15 plant  -1 seed 5: t   5.2 energy 6.72 lf_min 0.73 al_max -0.2 viol 44.2% interv 201 unver 191
hot gust1.5 15-> 6 plant  -1 seed 5: t   8.2 energy 5.88 lf_min 0.87 al_max 5.5 viol 39.8% interv 158 unver 158
hot gust1.5  6->15 plant  -1 seed 6: t   4.5 energy 5.14 lf_min 0.71 al_max 0.6 viol 19.8% interv 97 unver 93
hot gust1.5 15-> 6 plant  -1 seed 6: t   4.3 energy 5.26 lf_min 0.79 al_max 1.6 viol 0.0% interv 39 unver 35
hot gust1.5  6->15 plant  -1 seed 7: t   5.7 energy 4.31 lf_min 0.71 al_max -0.4 viol 1.0% interv 6 unver 2
hot gust1.5 15-> 6 plant  -1 seed 7: t  17.3 energy 4.00 lf_min 0.87 al_max 5.7 viol 4.2% interv 5 unver 3
hot gust1.5  6->15 plant  -1 seed 8: t  19.1 energy 4.48 lf_min 0.79 al_max 0.6 viol 0.0% interv 8 unver 2
hot gust1.5 15-> 6 plant  -1 seed 8: t  16.7 energy 4.13 lf_min 0.85 al_max 5.2 viol 1.5% interv 14 unver 14
hot gust1.5  6->15 plant  -1 seed 9: t   4.3 energy 6.95 lf_min 0.70 al_max -0.0 viol 44.0% interv 190 unver 186
hot gust1.5 15-> 6 plant  -1 seed 9: t   4.7 energy 6.40 lf_min 0.73 al_max 0.9 viol 38.2% interv 251 unver 250
hot noise0.5  6->15 plant  -1 seed 0: t   4.7 energy 4.21 lf_min 0.94 al_max -0.2 viol 0.0% interv 2 unver 0
hot noise0.5 15-> 6 plant  -1 seed 0: t   5.1 energy 4.41 lf_min 0.93 al_max -0.1 viol 0.0% interv 1 unver 1
hot noise0.5  6->15 plant  -1 seed 1: t   4.8 energy 4.22 lf_min 0.94 al_max -0.1 viol 0.0% interv 2 unver 0
hot noise0.5 15-> 6 plant  -1 seed 1: t   4.7 energy 4.51 lf_min 0.96 al_max 0.5 viol 0.0% interv 0 unver 0
hot noise0.5  6->15 plant  -1 seed 2: t   5.4 energy 4.23 lf_min 0.94 al_max -0.2 viol 0.0% interv 2 unver 0
hot noise0.5 15-> 6 plant  -1 seed 2: t   4.7 energy 4.52 lf_min 0.96 al_max 0.6 viol 0.0% interv 0 unver 0
hot noise0.5  6->15 plant  -1 seed 3: t   4.7 energy 4.21 lf_min 0.94 al_max -0.2 viol 0.0% interv 1 unver 0
hot noise0.5 15-> 6 plant  -1 seed 3: t   4.7 energy 4.50 lf_min 0.96 al_max 0.7 viol 0.0% interv 0 unver 0
hot noise0.5  6->15 plant  -1 seed 4: t   5.4 energy 4.23 lf_min 0.94 al_max -0.2 viol 0.0% interv 1 unver 0
hot noise0.5 15-> 6 plant  -1 seed 4: t   4.7 energy 4.52 lf_min 0.96 al_max 0.5 viol 0.0% interv 0 unver 0
hot noise0.5  6->15 plant  -1 seed 5: t   4.9 energy 4.21 lf_min 0.94 al_max -0.2 viol 0.0% interv 2 unver 0
hot noise0.5 15-> 6 plant  -1 seed 5: t   4.8 energy 4.44 lf_min 0.96 al_max 0.6 viol 0.0% interv 1 unver 1
hot noise0.5  6->15 plant  -1 seed 6: t   5.3 energy 4.22 lf_min 0.94 al_max -0.1 viol 0.0% interv 2 unver 0
hot noise0.5 15-> 6 plant  -1 seed 6: t   4.7 energy 4.51 lf_min 0.96 al_max 0.6 viol 0.0% interv 0 unver 0
hot noise0.5  6->15 plant  -1 seed 7: t   8.6 energy 4.24 lf_min 0.94 al_max -0.1 viol 0.0% interv 3 unver 0
hot noise0.5 15-> 6 plant  -1 seed 7: t   4.7 energy 4.51 lf_min 0.96 al_max 0.5 viol 0.0% interv 0 unver 0
hot noise0.5  6->15 plant  -1 seed 8: t   8.6 energy 4.25 lf_min 0.94 al_max -0.2 viol 0.0% interv 4 unver 0
hot noise0.5 15-> 6 plant  -1 seed 8: t   4.7 energy 4.51 lf_min 0.96 al_max 0.5 viol 0.0% interv 0 unver 0
hot noise0.5  6->15 plant  -1 seed 9: t   9.3 energy 4.25 lf_min 0.94 al_max -0.1 viol 0.0% interv 2 unver 0
hot noise0.5 15-> 6 plant  -1 seed 9: t   4.7 energy 4.52 lf_min 0.96 al_max 0.7 viol 0.0% interv 0 unver 0
hot noise1.0  6->15 plant  -1 seed 0: t  10.1 energy 4.26 lf_min 0.94 al_max -0.2 viol 0.0% interv 2 unver 1
hot noise1.0 15-> 6 plant  -1 seed 0: t   4.7 energy 4.51 lf_min 0.96 al_max 0.4 viol 0.0% interv 0 unver 0
hot noise1.0  6->15 plant  -1 seed 1: t   9.6 energy 4.26 lf_min 0.94 al_max -0.1 viol 0.0% interv 3 unver 0
hot noise1.0 15-> 6 plant  -1 seed 1: t   5.2 energy 4.41 lf_min 0.93 al_max 0.0 viol 0.0% interv 1 unver 1
hot noise1.0  6->15 plant  -1 seed 2: t  10.5 energy 4.28 lf_min 0.94 al_max -0.2 viol 0.0% interv 3 unver 0
hot noise1.0 15-> 6 plant  -1 seed 2: t   4.7 energy 4.52 lf_min 0.96 al_max 0.6 viol 0.0% interv 0 unver 0
hot noise1.0  6->15 plant  -1 seed 3: t   5.1 energy 4.22 lf_min 0.94 al_max -0.2 viol 0.0% interv 2 unver 0
hot noise1.0 15-> 6 plant  -1 seed 3: t   4.7 energy 4.50 lf_min 0.96 al_max 0.8 viol 0.0% interv 0 unver 0
hot noise1.0  6->15 plant  -1 seed 4: t   8.9 energy 4.30 lf_min 0.94 al_max -0.2 viol 0.0% interv 3 unver 3
hot noise1.0 15-> 6 plant  -1 seed 4: t   4.7 energy 4.53 lf_min 0.96 al_max 0.6 viol 0.0% interv 1 unver 1
hot noise1.0  6->15 plant  -1 seed 5: t   5.4 energy 4.13 lf_min 0.94 al_max -0.2 viol 0.0% interv 5 unver 2
hot noise1.0 15-> 6 plant  -1 seed 5: t   4.7 energy 4.51 lf_min 0.96 al_max 0.7 viol 0.0% interv 0 unver 0
hot noise1.0  6->15 plant  -1 seed 6: t  11.9 energy 4.27 lf_min 0.95 al_max -0.1 viol 0.0% interv 8 unver 6
hot noise1.0 15-> 6 plant  -1 seed 6: t   4.7 energy 4.65 lf_min 0.96 al_max 0.5 viol 0.0% interv 1 unver 1
hot noise1.0  6->15 plant  -1 seed 7: t   8.7 energy 4.23 lf_min 0.94 al_max -0.1 viol 0.0% interv 1 unver 1
hot noise1.0 15-> 6 plant  -1 seed 7: t   5.2 energy 4.40 lf_min 0.94 al_max 0.3 viol 0.0% interv 2 unver 2
hot noise1.0  6->15 plant  -1 seed 8: t   7.7 energy 4.26 lf_min 0.94 al_max -0.2 viol 0.0% interv 3 unver 0
hot noise1.0 15-> 6 plant  -1 seed 8: t   nan energy 4.37 lf_min 0.92 al_max -0.1 viol 0.0% interv 2 unver 2
hot noise1.0  6->15 plant  -1 seed 9: t   9.0 energy 4.24 lf_min 0.94 al_max -0.1 viol 0.0% interv 1 unver 1
hot noise1.0 15-> 6 plant  -1 seed 9: t   5.2 energy 4.38 lf_min 0.93 al_max 0.2 viol 0.0% interv 2 unver 2
hot noise2.0  6->15 plant  -1 seed 0: t   9.3 energy 4.23 lf_min 0.95 al_max -0.2 viol 0.0% interv 2 unver 1
hot noise2.0 15-> 6 plant  -1 seed 0: t   nan energy 4.33 lf_min 0.94 al_max 0.7 viol 0.0% interv 5 unver 5
hot noise2.0  6->15 plant  -1 seed 1: t   nan energy 4.36 lf_min 0.95 al_max -0.1 viol 0.0% interv 11 unver 1
hot noise2.0 15-> 6 plant  -1 seed 1: t   5.0 energy 4.68 lf_min 0.96 al_max -0.1 viol 0.0% interv 6 unver 6
hot noise2.0  6->15 plant  -1 seed 2: t   nan energy 4.30 lf_min 0.94 al_max -0.2 viol 0.0% interv 10 unver 5
hot noise2.0 15-> 6 plant  -1 seed 2: t   6.9 energy 5.06 lf_min 0.91 al_max 0.8 viol 0.0% interv 31 unver 30
hot noise2.0  6->15 plant  -1 seed 3: t   nan energy 4.22 lf_min 0.97 al_max -0.2 viol 0.0% interv 7 unver 3
hot noise2.0 15-> 6 plant  -1 seed 3: t   5.5 energy 4.91 lf_min 0.92 al_max 0.4 viol 0.0% interv 16 unver 13
hot noise2.0  6->15 plant  -1 seed 4: t  11.2 energy 4.22 lf_min 0.97 al_max -0.2 viol 0.0% interv 6 unver 2
hot noise2.0 15-> 6 plant  -1 seed 4: t   5.2 energy 4.44 lf_min 0.93 al_max 0.1 viol 0.0% interv 3 unver 3
hot noise2.0  6->15 plant  -1 seed 5: t   nan energy 4.35 lf_min 0.96 al_max -0.2 viol 0.0% interv 9 unver 6
hot noise2.0 15-> 6 plant  -1 seed 5: t   5.0 energy 4.88 lf_min 0.93 al_max 0.2 viol 0.0% interv 17 unver 16
hot noise2.0  6->15 plant  -1 seed 6: t  16.9 energy 4.33 lf_min 0.96 al_max -0.1 viol 0.0% interv 8 unver 3
hot noise2.0 15-> 6 plant  -1 seed 6: t   5.3 energy 4.76 lf_min 0.93 al_max -0.1 viol 0.0% interv 13 unver 13
hot noise2.0  6->15 plant  -1 seed 7: t   nan energy 4.29 lf_min 0.95 al_max -0.1 viol 0.0% interv 6 unver 5
hot noise2.0 15-> 6 plant  -1 seed 7: t   7.4 energy 4.84 lf_min 0.92 al_max 0.4 viol 0.0% interv 24 unver 23
hot noise2.0  6->15 plant  -1 seed 8: t  12.2 energy 4.28 lf_min 0.97 al_max -0.1 viol 0.0% interv 4 unver 4
hot noise2.0 15-> 6 plant  -1 seed 8: t   8.7 energy 4.75 lf_min 0.90 al_max 0.4 viol 0.0% interv 12 unver 11
hot noise2.0  6->15 plant  -1 seed 9: t   nan energy 4.20 lf_min 0.96 al_max -0.1 viol 0.0% interv 8 unver 7
hot noise2.0 15-> 6 plant  -1 seed 9: t   5.1 energy 4.42 lf_min 0.93 al_max 0.3 viol 0.0% interv 1 unver 1
done 5566 s
