hot_nofilter nominal  6->15 plant  -1 seed 0: t   4.0 energy 4.17 lf_min 0.94 al_max -0.2 viol 4.8% 
hot_nofilter nominal 15-> 6 plant  -1 seed 0: t   4.7 energy 4.51 lf_min 0.96 al_max 0.6 viol 0.0% 
hot_nofilter cross  6->15 plant   0 seed 0: t   4.6 energy 4.45 lf_min 0.93 al_max -0.3 viol 0.0% 
hot_nofilter cross 15-> 6 plant   0 seed 0: t   5.0 energy 4.64 lf_min 0.97 al_max -2.0 viol 0.0% 
hot_nofilter cross  6->15 plant   1 seed 0: t   3.7 energy 4.25 lf_min 0.94 al_max -0.3 viol 0.0% 
hot_nofilter cross 15-> 6 plant   1 seed 0: t   5.0 energy 4.48 lf_min 0.95 al_max 1.2 viol 0.0% 
hot_nofilter cross  6->15 plant   2 seed 0: t   5.0 energy 3.74 lf_min 0.92 al_max -0.1 viol 0.0% 
hot_nofilter cross 15-> 6 plant   2 seed 0: t   5.7 energy 4.58 lf_min 0.85 al_max -0.3 viol 0.0% 
hot_nofilter cross  6->15 plant   3 seed 0: t   4.8 energy 3.62 lf_min 0.96 al_max 0.2 viol 0.0% 
hot_nofilter cross 15-> 6 plant   3 seed 0: t   6.7 energy 4.39 lf_min 0.83 al_max -0.5 viol 0.0% 
hot_nofilter cross  6->15 plant   4 seed 0: t   5.2 energy 4.82 lf_min 0.96 al_max -0.3 viol 0.0% 
hot_nofilter cross 15-> 6 plant   4 seed 0: t   4.7 energy 4.61 lf_min 0.97 al_max -2.1 viol 0.0% 
hot_nofilter cross  6->15 plant   5 seed 0: t  12.2 energy 4.44 lf_min 0.95 al_max -0.5 viol 0.0% 
hot_nofilter cross 15-> 6 plant   5 seed 0: t   4.5 energy 4.61 lf_min 0.96 al_max -1.1 viol 0.0% 
hot_nofilter cross  6->15 plant   6 seed 0: t  12.7 energy 4.30 lf_min 0.95 al_max -0.2 viol 0.0% 
hot_nofilter cross 15-> 6 plant   6 seed 0: t   4.6 energy 4.57 lf_min 0.97 al_max -0.4 viol 0.0% 
hot_nofilter cross  6->15 plant   7 seed 0: t   3.6 energy 3.84 lf_min 0.90 al_max -0.3 viol 5.5% 
hot_nofilter cross 15-> 6 plant   7 seed 0: t   4.8 energy 4.35 lf_min 0.94 al_max 1.2 viol 0.0% 
hot_nofilter cross  6->15 plant   8 seed 0: t   4.4 energy 4.72 lf_min 0.62 al_max -0.1 viol 23.2% 
hot_nofilter cross 15-> 6 plant   8 seed 0: t   4.7 energy 4.50 lf_min 0.96 al_max 0.4 viol 0.0% 
hot_nofilter cross  6->15 plant   9 seed 0: t   4.0 energy 4.35 lf_min 0.93 al_max -0.3 viol 5.8% 
hot_nofilter cross 15-> 6 plant   9 seed 0: t   4.2 energy 4.46 lf_min 0.94 al_max 1.0 viol 0.0% 
hot_nofilter cross  6->15 plant  10 seed 0: t   4.9 energy 4.34 lf_min 0.95 al_max -0.5 viol 0.0% 
hot_nofilter cross 15-> 6 plant  10 seed 0: t   nan energy 4.63 lf_min 0.96 al_max -2.3 viol 0.0% 
hot_nofilter cross  6->15 plant  11 seed 0: t   4.2 energy 4.17 lf_min 0.95 al_max -0.2 viol 0.0% 
hot_nofilter cross 15-> 6 plant  11 seed 0: t   5.2 energy 4.54 lf_min 0.94 al_max 1.0 viol 0.0% 
hot_nofilter cross  6->15 plant  12 seed 0: t   3.8 energy 4.44 lf_min 0.93 al_max -0.5 viol 0.0% 
hot_nofilter cross 15-> 6 plant  12 seed 0: t   4.7 energy 4.61 lf_min 0.95 al_max -1.7 viol 0.0% 
hot_nofilter cross  6->15 plant  13 seed 0: t   5.1 energy 4.01 lf_min 0.94 al_max -0.1 viol 5.2% 
hot_nofilter cross 15-> 6 plant  13 seed 0: t   5.0 energy 4.56 lf_min 0.94 al_max 2.0 viol 0.0% 
hot_nofilter cross  6->15 plant  14 seed 0: t   4.1 energy 4.03 lf_min 0.93 al_max -0.3 viol 0.0% 
hot_nofilter cross 15-> 6 plant  14 seed 0: t   5.2 energy 4.38 lf_min 0.95 al_max -0.6 viol 0.0% 
hot_nofilter cross  6->15 plant  15 seed 0: t   4.0 energy 3.88 lf_min 0.93 al_max -0.2 viol 1.2% 
hot_nofilter cross 15-> 6 plant  15 seed 0: t   5.1 energy 4.51 lf_min 0.93 al_max 0.8 viol 0.0% 
hot_nofilter cross  6->15 plant  16 seed 0: t  11.2 energy 4.18 lf_min 0.92 al_max -0.3 viol 0.0% 
hot_nofilter cross 15-> 6 plant  16 seed 0: t   4.3 energy 4.50 lf_min 0.95 al_max 0.5 viol 0.0% 
hot_nofilter cross  6->15 plant  17 seed 0: t   4.0 energy 4.88 lf_min 0.61 al_max -0.3 viol 20.2% 
hot_nofilter cross 15-> 6 plant  17 seed 0: t   4.7 energy 4.45 lf_min 0.94 al_max 0.9 viol 0.0% 
hot_nofilter cross  6->15 plant  18 seed 0: t   4.9 energy 3.95 lf_min 0.92 al_max -0.2 viol 0.0% 
hot_nofilter cross 15-> 6 plant  18 seed 0: t   4.7 energy 4.63 lf_min 0.92 al_max 0.9 viol 0.0% 
hot_nofilter cross  6->15 plant  19 seed 0: t   4.2 energy 4.57 lf_min 0.92 al_max -0.1 viol 0.0% 
hot_nofilter cross 15-> 6 plant  19 seed 0: t   4.7 energy 4.52 lf_min 0.95 al_max 2.8 viol 0.0% 
hot_nofilter cross  6->15 plant  20 seed 0: t   4.5 energy 4.03 lf_min 0.94 al_max -0.1 viol 0.0% 
hot_nofilter cross 15-> 6 plant  20 seed 0: t   4.8 energy 4.65 lf_min 0.90 al_max 2.2 viol 0.0% 
hot_nofilter cross  6->15 plant  21 seed 0: t   3.8 energy 3.81 lf_min 0.90 al_max 0.3 viol 0.0% 
hot_nofilter cross 15-> 6 plant  21 seed 0: t   5.4 energy 4.40 lf_min 0.91 al_max 2.2 viol 0.0% 
hot_nofilter cross  6->15 plant  22 seed 0: t   4.2 energy 3.85 lf_min 0.93 al_max -0.3 viol 0.0% 
hot_nofilter cross 15-> 6 plant  22 seed 0: t   5.0 energy 4.45 lf_min 0.95 al_max -0.1 viol 0.0% 
hot_nofilter cross  6->15 plant  23 seed 0: t   4.0 energy 4.25 lf_min 0.95 al_max -0.2 viol 0.0% 
hot_nofilter cross 15-> 6 plant  23 seed 0: t   5.6 energy 4.42 lf_min 0.97 al_max -2.2 viol 0.0% 
hot_nofilter cross  6->15 plant  24 seed 0: t   4.6 energy 4.47 lf_min 0.92 al_max -0.2 viol 2.8% 
hot_nofilter cross 15-> 6 plant  24 seed 0: t   4.5 energy 4.49 lf_min 0.94 al_max 2.5 viol 0.0% 
hot_nofilter cross  6->15 plant  25 seed 0: t   4.4 energy 4.16 lf_min 0.94 al_max -0.1 viol 6.5% 
hot_nofilter cross 15-> 6 plant  25 seed 0: t   4.8 energy 4.48 lf_min 0.95 al_max 1.8 viol 0.0% 
hot_nofilter cross  6->15 plant  26 seed 0: t   5.6 energy 4.22 lf_min 0.93 al_max -0.4 viol 0.0% 
hot_nofilter cross 15-> 6 plant  26 seed 0: t   4.9 energy 4.57 lf_min 0.96 al_max -2.3 viol 0.0% 
hot_nofilter cross  6->15 plant  27 seed 0: t  10.5 energy 4.97 lf_min 0.65 al_max -0.4 viol 19.5% 
hot_nofilter cross 15-> 6 plant  27 seed 0: t   4.9 energy 4.68 lf_min 0.95 al_max -2.7 viol 0.0% 
hot_nofilter cross  6->15 plant  28 seed 0: t   4.5 energy 5.02 lf_min 0.66 al_max -0.1 viol 20.8% 
hot_nofilter cross 15-> 6 plant  28 seed 0: t   4.9 energy 4.44 lf_min 0.98 al_max -1.4 viol 0.0% 
hot_nofilter cross  6->15 plant  29 seed 0: t   4.7 energy 4.57 lf_min 0.95 al_max -0.3 viol 0.0% 
hot_nofilter cross 15-> 6 plant  29 seed 0: t   5.0 energy 4.58 lf_min 0.96 al_max -1.6 viol 0.0% 
hot_nofilter cross  6->15 plant  30 seed 0: t   3.8 energy 4.35 lf_min 0.94 al_max -0.2 viol 6.8% 
hot_nofilter cross 15-> 6 plant  30 seed 0: t   4.2 energy 4.52 lf_min 0.94 al_max 1.8 viol 0.0% 
hot_nofilter cross  6->15 plant  31 seed 0: t   3.7 energy 4.19 lf_min 0.93 al_max -0.3 viol 0.0% 
hot_nofilter cross 15-> 6 plant  31 seed 0: t   4.9 energy 4.53 lf_min 0.96 al_max 0.1 viol 0.0% 
hot_nofilter cross  6->15 plant  32 seed 0: t   4.2 energy 3.72 lf_min 0.92 al_max -0.2 viol 3.2% 
hot_nofilter cross 15-> 6 plant  32 seed 0: t   4.9 energy 4.60 lf_min 0.88 al_max 1.2 viol 0.0% 
hot_nofilter cross  6->15 plant  33 seed 0: t  13.0 energy 4.15 lf_min 0.94 al_max -0.2 viol 0.0% 
hot_nofilter cross 15-> 6 plant  33 seed 0: t   4.7 energy 4.49 lf_min 0.95 al_max -0.1 viol 0.0% 
hot_nofilter cross  6->15 plant  34 seed 0: t   4.7 energy 4.28 lf_min 0.95 al_max -0.3 viol 0.0% 
hot_nofilter cross 15-> 6 plant  34 seed 0: t   5.6 energy 4.45 lf_min 0.96 al_max -1.3 viol 0.0% 
hot_nofilter cross  6->15 plant  35 seed 0: t   3.8 energy 4.12 lf_min 0.91 al_max -0.1 viol 0.0% 
hot_nofilter cross 15-> 6 plant  35 seed 0: t   4.8 energy 4.50 lf_min 0.95 al_max 2.9 viol 0.0% 
hot_nofilter cross  6->15 plant  36 seed 0: t   4.0 energy 3.73 lf_min 0.94 al_max -0.1 viol 5.2% 
hot_nofilter cross 15-> 6 plant  36 seed 0: t   5.1 energy 4.38 lf_min 0.95 al_max 0.8 viol 0.0% 
hot_nofilter cross  6->15 plant  37 seed 0: t   4.5 energy 4.39 lf_min 0.95 al_max -0.2 viol 0.0% 
hot_nofilter cross 15-> 6 plant  37 seed 0: t   4.4 energy 4.47 lf_min 0.96 al_max 0.1 viol 0.0% 
hot_nofilter cross  6->15 plant  38 seed 0: t   5.0 energy 4.10 lf_min 0.94 al_max -0.2 viol 0.0% 
hot_nofilter cross 15-> 6 plant  38 seed 0: t   5.0 energy 4.54 lf_min 0.97 al_max -2.1 viol 0.0% 
hot_nofilter cross  6->15 plant  39 seed 0: t   5.4 energy 4.38 lf_min 0.94 al_max -0.3 viol 0.0% 
hot_nofilter cross 15-> 6 plant  39 seed 0: t   4.4 energy 4.63 lf_min 0.96 al_max 0.8 viol 0.0% 
hot_nofilter cross  6->15 plant  40 seed 0: t   3.9 energy 4.18 lf_min 0.94 al_max -0.3 viol 0.0% 
hot_nofilter cross 15-> 6 plant  40 seed 0: t   5.0 energy 4.49 lf_min 0.95 al_max -0.5 viol 0.0% 
hot_nofilter cross  6->15 plant  41 seed 0: t   5.7 energy 4.14 lf_min 0.93 al_max -0.1 viol 0.0% 
hot_nofilter cross 15-> 6 plant  41 seed 0: t   4.8 energy 4.66 lf_min 0.95 al_max -0.3 viol 0.0% 
hot_nofilter cross  6->15 plant  42 seed 0: t   4.6 energy 3.96 lf_min 0.90 al_max -0.2 viol 3.2% 
hot_nofilter cross 15-> 6 plant  42 seed 0: t   4.5 energy 4.48 lf_min 0.95 al_max 2.0 viol 0.0% 
hot_nofilter cross  6->15 plant  43 seed 0: t   4.0 energy 4.26 lf_min 0.92 al_max -0.1 viol 4.8% 
hot_nofilter cross 15-> 6 plant  43 seed 0: t   4.8 energy 4.47 lf_min 0.94 al_max 2.7 viol 0.0% 
hot_nofilter cross  6->15 plant  44 seed 0: t  11.5 energy 4.19 lf_min 0.95 al_max -0.2 viol 0.0% 
hot_nofilter cross 15-> 6 plant  44 seed 0: t   4.7 energy 4.64 lf_min 0.97 al_max -0.1 viol 0.0% 
hot_nofilter cross  6->15 plant  45 seed 0: t   4.1 energy 4.24 lf_min 0.93 al_max -0.3 viol 0.0% 
hot_nofilter cross 15-> 6 plant  45 seed 0: t   4.7 energy 4.43 lf_min 0.95 al_max -0.1 viol 0.0% 
hot_nofilter cross  6->15 plant  46 seed 0: t   4.2 energy 4.49 lf_min 0.95 al_max -0.2 viol 0.0% 
hot_nofilter cross 15-> 6 plant  46 seed 0: t   4.9 energy 4.53 lf_min 0.96 al_max 0.7 viol 0.0% 
hot_nofilter cross  6->15 plant  47 seed 0: t   4.2 energy 4.23 lf_min 0.93 al_max -0.2 viol 1.5% 
hot_nofilter cross 15-> 6 plant  47 seed 0: t   4.3 energy 4.61 lf_min 0.95 al_max 1.2 viol 0.0% 
hot_nofilter cross  6->15 plant  48 seed 0: t   3.8 energy 3.84 lf_min 0.94 al_max -0.1 viol 0.0% 
hot_nofilter cross 15-> 6 plant  48 seed 0: t   5.5 energy 4.47 lf_min 0.91 al_max 0.1 viol 0.0% 
hot_nofilter cross  6->15 plant  49 seed 0: t   4.0 energy 4.29 lf_min 0.95 al_max -0.1 viol 4.2% 
hot_nofilter cross 15-> 6 plant  49 seed 0: t   4.4 energy 4.50 lf_min 0.96 al_max 1.5 viol 0.0% 
hot_nofilter cross  6->15 plant  50 seed 0: t  11.5 energy 4.92 lf_min 0.68 al_max -0.4 viol 19.0% 
hot_nofilter cross 15-> 6 plant  50 seed 0: t   4.7 energy 4.63 lf_min 0.96 al_max -1.7 viol 0.0% 
hot_nofilter cross  6->15 plant  51 seed 0: t   3.6 energy 4.01 lf_min 0.92 al_max -0.1 viol 2.0% 
hot_nofilter cross 15-> 6 plant  51 seed 0: t   5.2 energy 4.41 lf_min 0.94 al_max 2.1 viol 0.0% 
hot_nofilter cross  6->15 plant  52 seed 0: t  11.7 energy 5.20 lf_min 0.72 al_max -0.4 viol 20.5% 
hot_nofilter cross 15-> 6 plant  52 seed 0: t   4.2 energy 4.61 lf_min 0.95 al_max -0.8 viol 0.0% 
hot_nofilter cross  6->15 plant  53 seed 0: t   4.5 energy 3.83 lf_min 0.94 al_max -0.0 viol 0.0% 
hot_nofilter cross 15-> 6 plant  53 seed 0: t   4.9 energy 4.64 lf_min 0.87 al_max 1.5 viol 0.0% 
hot_nofilter cross  6->15 plant  54 seed 0: t   3.7 energy 4.33 lf_min 0.95 al_max -0.2 viol 0.0% 
hot_nofilter cross 15-> 6 plant  54 seed 0: t   4.9 energy 4.49 lf_min 0.95 al_max 1.1 viol 0.0% 
hot_nofilter cross  6->15 plant  55 seed 0: t   4.8 energy 3.73 lf_min 0.93 al_max -0.2 viol 0.0% 
hot_nofilter cross 15-> 6 plant  55 seed 0: t   nan energy 4.52 lf_min 0.90 al_max 0.1 viol 0.0% 
hot_nofilter cross  6->15 plant  56 seed 0: t   4.2 energy 4.00 lf_min 0.91 al_max -0.3 viol 3.2% 
hot_nofilter cross 15-> 6 plant  56 seed 0: t   4.4 energy 4.61 lf_min 0.94 al_max 2.0 viol 0.0% 
hot_nofilter cross  6->15 plant  57 seed 0: t   4.2 energy 4.71 lf_min 0.55 al_max -0.1 viol 22.0% 
hot_nofilter cross 15-> 6 plant  57 seed 0: t   4.9 energy 4.33 lf_min 0.93 al_max 1.3 viol 0.0% 
hot_nofilter cross  6->15 plant  58 seed 0: t   4.7 energy 3.94 lf_min 0.91 al_max -0.2 viol 0.0% 
hot_nofilter cross 15-> 6 plant  58 seed 0: t   5.0 energy 4.65 lf_min 0.90 al_max -0.7 viol 0.0% 
hot_nofilter cross  6->15 plant  59 seed 0: t   9.6 energy 4.11 lf_min 0.94 al_max -0.2 viol 0.0% 
hot_nofilter cross 15-> 6 plant  59 seed 0: t   4.9 energy 4.58 lf_min 0.95 al_max 1.4 viol 0.0% 
hot_nofilter cross  6->15 plant  60 seed 0: t  10.7 energy 4.24 lf_min 0.94 al_max -0.3 viol 0.0% 
hot_nofilter cross 15-> 6 plant  60 seed 0: t   4.6 energy 4.60 lf_min 0.96 al_max 0.2 viol 0.0% 
hot_nofilter cross  6->15 plant  61 seed 0: t   4.3 energy 3.98 lf_min 0.95 al_max -0.0 viol 0.0% 
hot_nofilter cross 15-> 6 plant  61 seed 0: t   5.5 energy 4.50 lf_min 0.93 al_max -0.1 viol 0.0% 
hot_nofilter cross  6->15 plant  62 seed 0: t   5.5 energy 3.99 lf_min 0.93 al_max -0.1 viol 0.0% 
hot_nofilter cross 15-> 6 plant  62 seed 0: t   5.2 energy 4.62 lf_min 0.90 al_max -0.0 viol 0.0% 
hot_nofilter cross  6->15 plant  63 seed 0: t   4.4 energy 3.81 lf_min 0.93 al_max -0.3 viol 0.0% 
hot_nofilter cross 15-> 6 plant  63 seed 0: t   5.4 energy 4.44 lf_min 0.96 al_max -0.8 viol 0.0% 
hot_nofilter cross  6->15 plant  64 seed 0: t   3.5 energy 3.84 lf_min 0.91 al_max -0.2 viol 0.0% 
hot_nofilter cross 15-> 6 plant  64 seed 0: t   5.2 energy 4.44 lf_min 0.93 al_max 2.2 viol 0.0% 
hot_nofilter cross  6->15 plant  65 seed 0: t   4.2 energy 4.63 lf_min 0.95 al_max -0.3 viol 0.0% 
hot_nofilter cross 15-> 6 plant  65 seed 0: t   4.9 energy 4.50 lf_min 0.95 al_max -1.0 viol 0.0% 
hot_nofilter cross  6->15 plant  66 seed 0: t   4.1 energy 4.11 lf_min 0.95 al_max 0.0 viol 0.0% 
hot_nofilter cross 15-> 6 plant  66 seed 0: t   5.0 energy 4.52 lf_min 0.95 al_max 1.9 viol 0.0% 
hot_nofilter cross  6->15 plant  67 seed 0: t   4.5 energy 4.24 lf_min 0.93 al_max -0.3 viol 0.0% 
hot_nofilter cross 15-> 6 plant  67 seed 0: t   5.5 energy 4.55 lf_min 0.98 al_max -3.7 viol 0.0% 
hot_nofilter cross  6->15 plant  68 seed 0: t   4.0 energy 3.88 lf_min 0.92 al_max -0.2 viol 0.0% 
hot_nofilter cross 15-> 6 plant  68 seed 0: t   4.7 energy 4.58 lf_min 0.93 al_max 0.4 viol 0.0% 
hot_nofilter cross  6->15 plant  69 seed 0: t   3.7 energy 3.94 lf_min 0.94 al_max -0.3 viol 0.0% 
hot_nofilter cross 15-> 6 plant  69 seed 0: t   nan energy 4.53 lf_min 0.92 al_max -0.3 viol 0.0% 
hot_nofilter cross  6->15 plant  70 seed 0: t   4.7 energy 4.56 lf_min 0.96 al_max -0.2 viol 0.0% 
hot_nofilter cross 15-> 6 plant  70 seed 0: t   4.8 energy 4.54 lf_min 0.97 al_max -1.1 viol 0.0% 
hot_nofilter cross  6->15 plant  71 seed 0: t   4.6 energy 4.23 lf_min 0.97 al_max -0.1 viol 0.0% 
hot_nofilter cross 15-> 6 plant  71 seed 0: t   4.9 energy 4.44 lf_min 0.97 al_max -1.1 viol 0.0% 
hot_nofilter cross  6->15 plant  72 seed 0: t   4.3 energy 4.19 lf_min 0.95 al_max -0.2 viol 0.0% 
hot_nofilter cross 15-> 6 plant  72 seed 0: t   nan energy 4.41 lf_min 0.96 al_max -0.8 viol 0.0% 
hot_nofilter cross  6->15 plant  73 seed 0: t  15.4 energy 4.90 lf_min 0.72 al_max -0.3 viol 20.5% 
hot_nofilter cross 15-> 6 plant  73 seed 0: t   4.7 energy 4.66 lf_min 0.98 al_max -3.1 viol 0.0% 
hot_nofilter cross  6->15 plant  74 seed 0: t   5.4 energy 4.06 lf_min 0.94 al_max -0.1 viol 0.0% 
hot_nofilter cross 15-> 6 plant  74 seed 0: t   5.2 energy 4.59 lf_min 0.96 al_max -1.3 viol 0.0% 
hot_nofilter cross  6->15 plant  75 seed 0: t   5.4 energy 4.01 lf_min 0.92 al_max -0.2 viol 0.0% 
hot_nofilter cross 15-> 6 plant  75 seed 0: t   4.5 energy 4.63 lf_min 0.95 al_max 2.0 viol 0.0% 
hot_nofilter cross  6->15 plant  76 seed 0: t   4.2 energy 4.36 lf_min 0.93 al_max -0.4 viol 0.0% 
hot_nofilter cross 15-> 6 plant  76 seed 0: t   4.4 energy 4.56 lf_min 0.95 al_max 0.4 viol 0.0% 
hot_nofilter cross  6->15 plant  77 seed 0: t   4.0 energy 4.41 lf_min 0.93 al_max -0.3 viol 0.0% 
hot_nofilter cross 15-> 6 plant  77 seed 0: t   4.6 energy 4.67 lf_min 0.96 al_max -1.8 viol 0.0% 
hot_nofilter cross  6->15 plant  78 seed 0: t   6.2 energy 4.36 lf_min 0.94 al_max -0.3 viol 0.0% 
hot_nofilter cross 15-> 6 plant  78 seed 0: t   4.4 energy 4.61 lf_min 0.97 al_max -1.1 viol 0.0% 
hot_nofilter cross  6->15 plant  79 seed 0: t   4.7 energy 4.05 lf_min 0.95 al_max -0.1 viol 0.0% 
hot_nofilter cross 15-> 6 plant  79 seed 0: t   4.6 energy 4.57 lf_min 0.96 al_max 0.7 viol 0.0% 
hot_nofilter cross  6->15 plant  80 seed 0: t   4.2 energy 4.25 lf_min 0.92 al_max -0.3 viol 0.0% 
hot_nofilter cross 15-> 6 plant  80 seed 0: t   4.8 energy 4.61 lf_min 0.97 al_max -1.5 viol 0.0% 
hot_nofilter cross  6->15 plant  81 seed 0: t   4.6 energy 4.59 lf_min 0.96 al_max -0.3 viol 0.0% 
hot_nofilter cross 15-> 6 plant  81 seed 0: t   4.5 energy 4.64 lf_min 0.95 al_max 0.2 viol 0.0% 
hot_nofilter cross  6->15 plant  82 seed 0: t  10.1 energy 4.69 lf_min 0.95 al_max -0.3 viol 0.0% 
hot_nofilter cross 15-> 6 plant  82 seed 0: t   4.5 energy 4.65 lf_min 0.97 al_max -0.6 viol 0.0% 
hot_nofilter cross  6->15 plant  83 seed 0: t   3.6 energy 4.27 lf_min 0.94 al_max -0.2 viol 4.0% 
hot_nofilter cross 15-> 6 plant  83 seed 0: t   4.7 energy 4.38 lf_min 0.94 al_max 1.4 viol 0.0% 
hot_nofilter cross  6->15 plant  84 seed 0: t   4.2 energy 4.06 lf_min 0.92 al_max -0.2 viol 4.8% 
hot_nofilter cross 15-> 6 plant  84 seed 0: t   4.4 energy 4.61 lf_min 0.95 al_max 2.4 viol 0.0% 
hot_nofilter cross  6->15 plant  85 seed 0: t  13.9 energy 5.12 lf_min 0.72 al_max -0.4 viol 22.5% 
hot_nofilter cross 15-> 6 plant  85 seed 0: t   4.3 energy 4.64 lf_min 0.95 al_max -0.4 viol 0.0% 
hot_nofilter cross  6->15 plant  86 seed 0: t   3.9 energy 4.38 lf_min 0.94 al_max -0.2 viol 2.8% 
hot_nofilter cross 15-> 6 plant  86 seed 0: t   4.8 energy 4.36 lf_min 0.95 al_max 0.2 viol 0.0% 
hot_nofilter cross  6->15 plant  87 seed 0: t   3.9 energy 4.29 lf_min 0.94 al_max -0.2 viol 0.0% 
hot_nofilter cross 15-> 6 plant  87 seed 0: t   4.5 energy 4.42 lf_min 0.95 al_max 1.2 viol 0.0% 
hot_nofilter cross  6->15 plant  88 seed 0: t   4.9 energy 3.92 lf_min 0.94 al_max -0.2 viol 0.0% 
hot_nofilter cross 15-> 6 plant  88 seed 0: t   5.2 energy 4.59 lf_min 0.91 al_max 0.5 viol 0.0% 
hot_nofilter cross  6->15 plant  89 seed 0: t   3.8 energy 4.42 lf_min 0.94 al_max -0.3 viol 0.0% 
hot_nofilter cross 15-> 6 plant  89 seed 0: t   4.9 energy 4.56 lf_min 0.96 al_max -1.3 viol 0.0% 
hot_nofilter cross  6->15 plant  90 seed 0: t  11.1 energy 4.88 lf_min 0.60 al_max -0.3 viol 17.8% 
hot_nofilter cross 15-> 6 plant  90 seed 0: t   4.4 energy 4.56 lf_min 0.96 al_max -1.8 viol 0.0% 
hot_nofilter cross  6->15 plant  91 seed 0: t   4.3 energy 4.29 lf_min 0.95 al_max -0.2 viol 1.2% 
hot_nofilter cross 15-> 6 plant  91 seed 0: t   4.9 energy 4.38 lf_min 0.95 al_max -1.4 viol 0.0% 
hot_nofilter cross  6->15 plant  92 seed 0: t   3.8 energy 3.85 lf_min 0.93 al_max -0.1 viol 3.5% 
hot_nofilter cross 15-> 6 plant  92 seed 0: t   4.9 energy 4.61 lf_min 0.88 al_max 1.6 viol 0.0% 
hot_nofilter cross  6->15 plant  93 seed 0: t  11.6 energy 4.82 lf_min 0.61 al_max -0.2 viol 22.2% 
hot_nofilter cross 15-> 6 plant  93 seed 0: t   4.5 energy 4.33 lf_min 0.94 al_max 1.3 viol 0.0% 
hot_nofilter cross  6->15 plant  94 seed 0: t   4.2 energy 4.20 lf_min 0.93 al_max -0.4 viol 0.0% 
hot_nofilter cross 15-> 6 plant  94 seed 0: t   4.4 energy 4.49 lf_min 0.95 al_max -0.8 viol 0.0% 
hot_nofilter cross  6->15 plant  95 seed 0: t   4.4 energy 4.68 lf_min 0.94 al_max -0.3 viol 0.0% 
hot_nofilter cross 15-> 6 plant  95 seed 0: t   4.5 energy 4.65 lf_min 0.96 al_max -2.0 viol 0.0% 
hot_nofilter cross  6->15 plant  96 seed 0: t   3.8 energy 4.12 lf_min 0.91 al_max -0.1 viol 6.0% 
hot_nofilter cross 15-> 6 plant  96 seed 0: t   5.3 energy 4.40 lf_min 0.95 al_max 2.4 viol 0.0% 
hot_nofilter cross  6->15 plant  97 seed 0: t  10.9 energy 4.35 lf_min 0.93 al_max -0.4 viol 0.0% 
hot_nofilter cross 15-> 6 plant  97 seed 0: t   4.4 energy 4.48 lf_min 0.94 al_max 0.2 viol 0.0% 
hot_nofilter cross  6->15 plant  98 seed 0: t   3.8 energy 4.14 lf_min 0.93 al_max -0.2 viol 6.2% 
hot_nofilter cross 15-> 6 plant  98 seed 0: t   4.4 energy 4.42 lf_min 0.95 al_max 0.9 viol 0.0% 
hot_nofilter cross  6->15 plant  99 seed 0: t   4.9 energy 4.45 lf_min 0.93 al_max -0.3 viol 0.0% 
hot_nofilter cross 15-> 6 plant  99 seed 0: t   4.4 energy 4.49 lf_min 0.94 al_max 0.6 viol 0.0% 
done 293 s
