ppo nominal  6->15 plant  -1 seed 0: t   nan energy 8.94 lf_min 0.32 al_max 1.2 viol 71.8% 
ppo nominal 15-> 6 plant  -1 seed 0: t   8.2 energy 4.03 lf_min 0.94 al_max 3.2 viol 0.0% 
ppo cross  6->15 plant   0 seed 0: t   nan energy 9.80 lf_min 0.15 al_max 1.1 viol 73.2% 
ppo cross 15-> 6 plant   0 seed 0: t   8.3 energy 4.00 lf_min 0.96 al_max 2.5 viol 0.0% 
ppo cross  6->15 plant   1 seed 0: t   nan energy 9.05 lf_min 0.36 al_max 7.9 viol 79.0% 
ppo cross 15-> 6 plant   1 seed 0: t   9.6 energy 3.97 lf_min 0.86 al_max 3.5 viol 0.0% 
ppo cross  6->15 plant   2 seed 0: t   nan energy 9.67 lf_min 0.09 al_max 0.5 viol 72.8% 
ppo cross 15-> 6 plant   2 seed 0: t   8.2 energy 4.22 lf_min 0.86 al_max 3.1 viol 0.0% 
ppo cross  6->15 plant   3 seed 0: t   nan energy 8.25 lf_min 0.16 al_max 7.1 viol 72.0% 
ppo cross 15-> 6 plant   3 seed 0: t   9.0 energy 4.00 lf_min 0.83 al_max 3.4 viol 0.0% 
ppo cross  6->15 plant   4 seed 0: t   nan energy 9.37 lf_min 0.18 al_max 3.2 viol 73.5% 
ppo cross 15-> 6 plant   4 seed 0: t   7.7 energy 4.04 lf_min 0.95 al_max 2.5 viol 0.0% 
ppo cross  6->15 plant   5 seed 0: t   nan energy 9.64 lf_min 0.35 al_max 7.3 viol 76.2% 
ppo cross 15-> 6 plant   5 seed 0: t   7.4 energy 4.09 lf_min 0.86 al_max 2.5 viol 0.0% 
ppo cross  6->15 plant   6 seed 0: t   nan energy 8.95 lf_min 0.29 al_max 1.4 viol 72.8% 
ppo cross 15-> 6 plant   6 seed 0: t   7.1 energy 4.22 lf_min 0.95 al_max 3.0 viol 0.0% 
ppo cross  6->15 plant   7 seed 0: t   nan energy 8.03 lf_min 0.39 al_max 4.0 viol 72.0% 
ppo cross 15-> 6 plant   7 seed 0: t   9.1 energy 3.81 lf_min 0.83 al_max 3.2 viol 0.0% 
ppo cross  6->15 plant   8 seed 0: t   nan energy 8.71 lf_min 0.30 al_max -0.3 viol 72.8% 
ppo cross 15-> 6 plant   8 seed 0: t   7.7 energy 4.09 lf_min 0.95 al_max 3.5 viol 0.0% 
ppo cross  6->15 plant   9 seed 0: t   nan energy 8.51 lf_min 0.36 al_max 1.0 viol 71.8% 
ppo cross 15-> 6 plant   9 seed 0: t   7.6 energy 3.99 lf_min 0.90 al_max 2.9 viol 0.0% 
ppo cross  6->15 plant  10 seed 0: t   nan energy 10.07 lf_min 0.27 al_max 2.1 viol 74.5% 
ppo cross 15-> 6 plant  10 seed 0: t   9.9 energy 3.77 lf_min 0.87 al_max 2.3 viol 0.0% 
ppo cross  6->15 plant  11 seed 0: t   nan energy 9.39 lf_min 0.31 al_max 5.2 viol 74.5% 
ppo cross 15-> 6 plant  11 seed 0: t   9.3 energy 4.11 lf_min 0.90 al_max 3.7 viol 0.0% 
ppo cross  6->15 plant  12 seed 0: t   nan energy 10.11 lf_min 0.32 al_max 0.3 viol 73.8% 
ppo cross 15-> 6 plant  12 seed 0: t   9.3 energy 3.81 lf_min 0.85 al_max 2.5 viol 0.0% 
ppo cross  6->15 plant  13 seed 0: t   nan energy 8.51 lf_min 0.37 al_max 3.6 viol 72.5% 
ppo cross 15-> 6 plant  13 seed 0: t   8.1 energy 4.25 lf_min 0.91 al_max 4.2 viol 0.0% 
ppo cross  6->15 plant  14 seed 0: t   nan energy 8.78 lf_min 0.33 al_max 4.3 viol 73.8% 
ppo cross 15-> 6 plant  14 seed 0: t   9.5 energy 3.80 lf_min 0.85 al_max 2.8 viol 0.0% 
ppo cross  6->15 plant  15 seed 0: t   nan energy 9.14 lf_min 0.34 al_max 2.3 viol 72.8% 
ppo cross 15-> 6 plant  15 seed 0: t   9.5 energy 4.01 lf_min 0.85 al_max 3.5 viol 0.0% 
ppo cross  6->15 plant  16 seed 0: t   nan energy 8.58 lf_min 0.36 al_max 2.0 viol 71.5% 
ppo cross 15-> 6 plant  16 seed 0: t   6.8 energy 4.17 lf_min 0.87 al_max 2.9 viol 0.0% 
ppo cross  6->15 plant  17 seed 0: t   nan energy 8.99 lf_min 0.33 al_max 1.8 viol 72.8% 
ppo cross 15-> 6 plant  17 seed 0: t   8.8 energy 3.95 lf_min 0.89 al_max 3.3 viol 0.0% 
ppo cross  6->15 plant  18 seed 0: t   nan energy 9.19 lf_min 0.33 al_max 3.0 viol 73.0% 
ppo cross 15-> 6 plant  18 seed 0: t   7.7 energy 4.23 lf_min 0.88 al_max 3.2 viol 0.0% 
ppo cross  6->15 plant  19 seed 0: t   nan energy 7.81 lf_min 0.35 al_max 7.4 viol 73.0% 
ppo cross 15-> 6 plant  19 seed 0: t   7.2 energy 4.19 lf_min 0.94 al_max 4.0 viol 0.0% 
ppo cross  6->15 plant  20 seed 0: t   nan energy 8.43 lf_min 0.35 al_max 8.5 viol 76.8% 
ppo cross 15-> 6 plant  20 seed 0: t   7.4 energy 4.35 lf_min 0.92 al_max 4.0 viol 0.0% 
ppo cross  6->15 plant  21 seed 0: t   nan energy 7.67 lf_min 0.33 al_max 3.3 viol 69.2% 
ppo cross 15-> 6 plant  21 seed 0: t  10.4 energy 3.85 lf_min 0.92 al_max 4.0 viol 0.0% 
ppo cross  6->15 plant  22 seed 0: t   nan energy 8.74 lf_min 0.35 al_max 8.9 viol 79.5% 
ppo cross 15-> 6 plant  22 seed 0: t   9.1 energy 3.86 lf_min 0.86 al_max 2.7 viol 0.0% 
ppo cross  6->15 plant  23 seed 0: t   nan energy 9.05 lf_min 0.08 al_max 5.4 viol 72.5% 
ppo cross 15-> 6 plant  23 seed 0: t  10.4 energy 3.67 lf_min 0.96 al_max 2.6 viol 0.0% 
ppo cross  6->15 plant  24 seed 0: t   nan energy 7.94 lf_min 0.37 al_max 6.4 viol 75.2% 
ppo cross 15-> 6 plant  24 seed 0: t   7.0 energy 4.17 lf_min 0.91 al_max 3.7 viol 0.0% 
ppo cross  6->15 plant  25 seed 0: t   nan energy 8.42 lf_min 0.37 al_max 1.4 viol 72.2% 
ppo cross 15-> 6 plant  25 seed 0: t   8.3 energy 4.06 lf_min 0.92 al_max 3.7 viol 0.0% 
ppo cross  6->15 plant  26 seed 0: t   nan energy 9.59 lf_min 0.29 al_max 0.9 viol 73.5% 
ppo cross 15-> 6 plant  26 seed 0: t   8.4 energy 3.90 lf_min 0.90 al_max 2.1 viol 0.0% 
ppo cross  6->15 plant  27 seed 0: t   nan energy 9.88 lf_min 0.31 al_max 9.3 viol 78.0% 
ppo cross 15-> 6 plant  27 seed 0: t   8.7 energy 3.83 lf_min 0.90 al_max 2.2 viol 0.0% 
ppo cross  6->15 plant  28 seed 0: t   nan energy 8.59 lf_min 0.14 al_max 0.8 viol 71.0% 
ppo cross 15-> 6 plant  28 seed 0: t   7.7 energy 4.03 lf_min 0.96 al_max 3.0 viol 0.0% 
ppo cross  6->15 plant  29 seed 0: t   nan energy 9.69 lf_min 0.26 al_max 4.0 viol 74.5% 
ppo cross 15-> 6 plant  29 seed 0: t   9.0 energy 3.91 lf_min 0.91 al_max 2.6 viol 0.0% 
ppo cross  6->15 plant  30 seed 0: t   nan energy 8.54 lf_min 0.36 al_max -0.5 viol 71.0% 
ppo cross 15-> 6 plant  30 seed 0: t   7.1 energy 4.15 lf_min 0.93 al_max 3.3 viol 0.0% 
ppo cross  6->15 plant  31 seed 0: t   nan energy 9.51 lf_min 0.28 al_max 1.8 viol 72.0% 
ppo cross 15-> 6 plant  31 seed 0: t   8.8 energy 4.02 lf_min 0.90 al_max 3.0 viol 0.0% 
ppo cross  6->15 plant  32 seed 0: t   nan energy 9.06 lf_min 0.36 al_max 1.7 viol 72.0% 
ppo cross 15-> 6 plant  32 seed 0: t   8.7 energy 4.12 lf_min 0.86 al_max 3.5 viol 0.0% 
ppo cross  6->15 plant  33 seed 0: t   nan energy 8.78 lf_min 0.33 al_max 6.3 viol 75.2% 
ppo cross 15-> 6 plant  33 seed 0: t   8.0 energy 4.02 lf_min 0.92 al_max 2.9 viol 0.0% 
ppo cross  6->15 plant  34 seed 0: t   nan energy 9.32 lf_min 0.28 al_max 5.1 viol 75.2% 
ppo cross 15-> 6 plant  34 seed 0: t  10.6 energy 3.75 lf_min 0.91 al_max 2.8 viol 0.0% 
ppo cross  6->15 plant  35 seed 0: t   nan energy 7.78 lf_min 0.36 al_max 5.3 viol 71.2% 
ppo cross 15-> 6 plant  35 seed 0: t   7.9 energy 4.14 lf_min 0.92 al_max 4.0 viol 0.0% 
ppo cross  6->15 plant  36 seed 0: t   nan energy 8.02 lf_min 0.36 al_max 1.5 viol 70.0% 
ppo cross 15-> 6 plant  36 seed 0: t   8.8 energy 3.92 lf_min 0.92 al_max 3.3 viol 0.0% 
ppo cross  6->15 plant  37 seed 0: t   nan energy 8.38 lf_min 0.32 al_max 2.4 viol 70.8% 
ppo cross 15-> 6 plant  37 seed 0: t   7.1 energy 4.08 lf_min 0.95 al_max 2.9 viol 0.0% 
ppo cross  6->15 plant  38 seed 0: t   nan energy 9.11 lf_min 0.24 al_max 7.2 viol 73.8% 
ppo cross 15-> 6 plant  38 seed 0: t   8.3 energy 3.88 lf_min 0.95 al_max 2.3 viol 0.0% 
ppo cross  6->15 plant  39 seed 0: t   nan energy 9.54 lf_min 0.32 al_max 0.1 viol 72.5% 
ppo cross 15-> 6 plant  39 seed 0: t   7.0 energy 4.33 lf_min 0.89 al_max 3.3 viol 0.0% 
ppo cross  6->15 plant  40 seed 0: t   nan energy 9.47 lf_min 0.32 al_max 5.2 viol 74.5% 
ppo cross 15-> 6 plant  40 seed 0: t  10.5 energy 3.74 lf_min 0.88 al_max 2.8 viol 0.0% 
ppo cross  6->15 plant  41 seed 0: t   nan energy 9.47 lf_min 0.23 al_max 1.8 viol 72.0% 
ppo cross 15-> 6 plant  41 seed 0: t   7.0 energy 4.34 lf_min 0.94 al_max 3.1 viol 0.0% 
ppo cross  6->15 plant  42 seed 0: t   nan energy 7.86 lf_min 0.39 al_max 3.9 viol 70.8% 
ppo cross 15-> 6 plant  42 seed 0: t   7.1 energy 4.16 lf_min 0.84 al_max 3.6 viol 0.0% 
ppo cross  6->15 plant  43 seed 0: t   nan energy 8.02 lf_min 0.38 al_max 6.2 viol 75.5% 
ppo cross 15-> 6 plant  43 seed 0: t   8.5 energy 4.05 lf_min 0.89 al_max 4.0 viol 0.0% 
ppo cross  6->15 plant  44 seed 0: t   nan energy 9.73 lf_min 0.35 al_max 7.3 viol 75.0% 
ppo cross 15-> 6 plant  44 seed 0: t   7.2 energy 4.27 lf_min 0.91 al_max 3.0 viol 0.0% 
ppo cross  6->15 plant  45 seed 0: t   nan energy 8.67 lf_min 0.31 al_max 4.4 viol 72.8% 
ppo cross 15-> 6 plant  45 seed 0: t   8.4 energy 3.90 lf_min 0.88 al_max 2.6 viol 0.0% 
ppo cross  6->15 plant  46 seed 0: t   nan energy 9.16 lf_min 0.25 al_max 1.9 viol 71.8% 
ppo cross 15-> 6 plant  46 seed 0: t   8.3 energy 4.15 lf_min 0.93 al_max 3.4 viol 0.0% 
ppo cross  6->15 plant  47 seed 0: t   nan energy 8.89 lf_min 0.35 al_max 4.7 viol 73.2% 
ppo cross 15-> 6 plant  47 seed 0: t   7.1 energy 4.20 lf_min 0.91 al_max 3.1 viol 0.0% 
ppo cross  6->15 plant  48 seed 0: t   nan energy 9.22 lf_min 0.24 al_max 0.2 viol 71.0% 
ppo cross 15-> 6 plant  48 seed 0: t  10.4 energy 3.89 lf_min 0.92 al_max 3.3 viol 0.0% 
ppo cross  6->15 plant  49 seed 0: t   nan energy 7.91 lf_min 0.33 al_max 1.4 viol 68.8% 
ppo cross 15-> 6 plant  49 seed 0: t   6.6 energy 4.16 lf_min 0.95 al_max 3.4 viol 0.0% 
ppo cross  6->15 plant  50 seed 0: t   nan energy 9.71 lf_min 0.34 al_max 6.1 viol 76.0% 
ppo cross 15-> 6 plant  50 seed 0: t   7.8 energy 4.03 lf_min 0.91 al_max 2.6 viol 0.0% 
ppo cross  6->15 plant  51 seed 0: t   nan energy 8.10 lf_min 0.34 al_max 5.8 viol 74.2% 
ppo cross 15-> 6 plant  51 seed 0: t  10.2 energy 3.89 lf_min 0.87 al_max 3.8 viol 0.0% 
ppo cross  6->15 plant  52 seed 0: t   nan energy 9.25 lf_min 0.28 al_max 1.3 viol 73.0% 
ppo cross 15-> 6 plant  52 seed 0: t   6.7 energy 4.20 lf_min 0.92 al_max 2.7 viol 0.0% 
ppo cross  6->15 plant  53 seed 0: t   nan energy 8.65 lf_min 0.33 al_max 2.9 viol 70.8% 
ppo cross 15-> 6 plant  53 seed 0: t   7.6 energy 4.30 lf_min 0.89 al_max 3.7 viol 0.0% 
ppo cross  6->15 plant  54 seed 0: t   nan energy 8.90 lf_min 0.30 al_max 6.2 viol 76.0% 
ppo cross 15-> 6 plant  54 seed 0: t   9.0 energy 4.01 lf_min 0.91 al_max 3.4 viol 0.0% 
ppo cross  6->15 plant  55 seed 0: t   nan energy 9.21 lf_min 0.31 al_max 3.9 viol 73.5% 
ppo cross 15-> 6 plant  55 seed 0: t   8.9 energy 4.10 lf_min 0.91 al_max 3.2 viol 0.0% 
ppo cross  6->15 plant  56 seed 0: t   nan energy 8.67 lf_min 0.38 al_max 3.2 viol 71.2% 
ppo cross 15-> 6 plant  56 seed 0: t   7.2 energy 4.24 lf_min 0.81 al_max 3.7 viol 0.0% 
ppo cross  6->15 plant  57 seed 0: t   nan energy 7.96 lf_min 0.37 al_max 5.3 viol 72.5% 
ppo cross 15-> 6 plant  57 seed 0: t   8.9 energy 3.78 lf_min 0.93 al_max 3.4 viol 0.0% 
ppo cross  6->15 plant  58 seed 0: t   nan energy 9.95 lf_min 0.14 al_max -0.4 viol 72.0% 
ppo cross 15-> 6 plant  58 seed 0: t   7.9 energy 4.22 lf_min 0.91 al_max 2.9 viol 0.0% 
ppo cross  6->15 plant  59 seed 0: t   nan energy 9.13 lf_min 0.34 al_max 3.5 viol 73.0% 
ppo cross 15-> 6 plant  59 seed 0: t   8.1 energy 4.26 lf_min 0.88 al_max 3.9 viol 0.0% 
ppo cross  6->15 plant  60 seed 0: t   nan energy 9.55 lf_min 0.35 al_max 4.6 viol 74.0% 
ppo cross 15-> 6 plant  60 seed 0: t   7.1 energy 4.29 lf_min 0.86 al_max 3.2 viol 0.0% 
ppo cross  6->15 plant  61 seed 0: t   nan energy 8.77 lf_min 0.16 al_max 6.2 viol 72.0% 
ppo cross 15-> 6 plant  61 seed 0: t   8.8 energy 4.01 lf_min 0.94 al_max 3.4 viol 0.0% 
ppo cross  6->15 plant  62 seed 0: t   nan energy 9.56 lf_min 0.17 al_max 0.7 viol 72.5% 
ppo cross 15-> 6 plant  62 seed 0: t   7.5 energy 4.32 lf_min 0.91 al_max 3.2 viol 0.0% 
ppo cross  6->15 plant  63 seed 0: t   nan energy 9.00 lf_min 0.31 al_max 4.5 viol 73.8% 
ppo cross 15-> 6 plant  63 seed 0: t   9.6 energy 3.84 lf_min 0.90 al_max 2.7 viol 0.0% 
ppo cross  6->15 plant  64 seed 0: t   nan energy 7.99 lf_min 0.34 al_max 10.5 viol 78.8% 
ppo cross 15-> 6 plant  64 seed 0: t  10.3 energy 3.85 lf_min 0.85 al_max 3.5 viol 0.0% 
ppo cross  6->15 plant  65 seed 0: t   nan energy 9.29 lf_min 0.23 al_max 4.3 viol 73.8% 
ppo cross 15-> 6 plant  65 seed 0: t   9.2 energy 3.86 lf_min 0.93 al_max 2.6 viol 0.0% 
ppo cross  6->15 plant  66 seed 0: t   nan energy 8.02 lf_min 0.32 al_max 6.8 viol 71.5% 
ppo cross 15-> 6 plant  66 seed 0: t   8.2 energy 4.10 lf_min 0.95 al_max 3.9 viol 0.0% 
ppo cross  6->15 plant  67 seed 0: t   nan energy 9.48 lf_min -0.03 al_max 2.7 viol 72.8% 
ppo cross 15-> 6 plant  67 seed 0: t   9.8 energy 3.66 lf_min 0.96 al_max 2.0 viol 0.0% 
ppo cross  6->15 plant  68 seed 0: t   nan energy 9.40 lf_min 0.34 al_max -0.6 viol 72.0% 
ppo cross 15-> 6 plant  68 seed 0: t   8.0 energy 4.14 lf_min 0.90 al_max 3.1 viol 0.0% 
ppo cross  6->15 plant  69 seed 0: t   nan energy 9.87 lf_min 0.20 al_max 10.9 viol 79.8% 
ppo cross 15-> 6 plant  69 seed 0: t  11.7 energy 3.82 lf_min 0.87 al_max 2.9 viol 0.0% 
ppo cross  6->15 plant  70 seed 0: t   nan energy 9.15 lf_min 0.19 al_max 2.9 viol 72.2% 
ppo cross 15-> 6 plant  70 seed 0: t   7.5 energy 4.12 lf_min 0.95 al_max 2.8 viol 0.0% 
ppo cross  6->15 plant  71 seed 0: t   nan energy 8.11 lf_min 0.24 al_max 2.8 viol 68.2% 
ppo cross 15-> 6 plant  71 seed 0: t   7.2 energy 4.04 lf_min 0.96 al_max 2.7 viol 0.0% 
ppo cross  6->15 plant  72 seed 0: t   nan energy 9.00 lf_min 0.29 al_max 6.9 viol 76.0% 
ppo cross 15-> 6 plant  72 seed 0: t  10.1 energy 3.83 lf_min 0.92 al_max 3.0 viol 0.0% 
ppo cross  6->15 plant  73 seed 0: t   nan energy 9.27 lf_min 0.21 al_max 1.3 viol 75.2% 
ppo cross 15-> 6 plant  73 seed 0: t   7.2 energy 4.08 lf_min 0.93 al_max 2.5 viol 0.0% 
ppo cross  6->15 plant  74 seed 0: t   nan energy 9.23 lf_min 0.15 al_max 5.0 viol 71.2% 
ppo cross 15-> 6 plant  74 seed 0: t   7.3 energy 4.21 lf_min 0.96 al_max 2.8 viol 0.0% 
ppo cross  6->15 plant  75 seed 0: t   nan energy 8.44 lf_min 0.37 al_max 8.8 viol 78.2% 
ppo cross 15-> 6 plant  75 seed 0: t   7.1 energy 4.28 lf_min 0.85 al_max 3.6 viol 0.0% 
ppo cross  6->15 plant  76 seed 0: t   nan energy 9.44 lf_min 0.31 al_max 1.5 viol 72.0% 
ppo cross 15-> 6 plant  76 seed 0: t   7.8 energy 4.11 lf_min 0.86 al_max 3.0 viol 0.0% 
ppo cross  6->15 plant  77 seed 0: t   nan energy 9.82 lf_min 0.24 al_max 7.4 viol 75.2% 
ppo cross 15-> 6 plant  77 seed 0: t   8.4 energy 3.88 lf_min 0.94 al_max 2.1 viol 0.0% 
ppo cross  6->15 plant  78 seed 0: t   nan energy 9.18 lf_min 0.28 al_max 5.1 viol 73.0% 
ppo cross 15-> 6 plant  78 seed 0: t   6.8 energy 4.17 lf_min 0.94 al_max 2.4 viol 0.0% 
ppo cross  6->15 plant  79 seed 0: t   nan energy 8.42 lf_min 0.33 al_max 4.3 viol 71.5% 
ppo cross 15-> 6 plant  79 seed 0: t   7.0 energy 4.24 lf_min 0.94 al_max 3.3 viol 0.0% 
ppo cross  6->15 plant  80 seed 0: t   nan energy 9.86 lf_min 0.21 al_max 2.1 viol 73.0% 
ppo cross 15-> 6 plant  80 seed 0: t   8.7 energy 3.91 lf_min 0.94 al_max 2.3 viol 0.0% 
ppo cross  6->15 plant  81 seed 0: t   nan energy 9.82 lf_min 0.30 al_max 8.6 viol 76.2% 
ppo cross 15-> 6 plant  81 seed 0: t   8.0 energy 4.12 lf_min 0.91 al_max 2.9 viol 0.0% 
ppo cross  6->15 plant  82 seed 0: t   nan energy 9.62 lf_min 0.26 al_max 0.3 viol 72.5% 
ppo cross 15-> 6 plant  82 seed 0: t   6.8 energy 4.32 lf_min 0.92 al_max 2.8 viol 0.0% 
ppo cross  6->15 plant  83 seed 0: t   nan energy 7.97 lf_min 0.33 al_max 4.9 viol 70.5% 
ppo cross 15-> 6 plant  83 seed 0: t   8.7 energy 3.83 lf_min 0.94 al_max 3.2 viol 0.0% 
ppo cross  6->15 plant  84 seed 0: t   nan energy 8.42 lf_min 0.38 al_max 4.2 viol 72.2% 
ppo cross 15-> 6 plant  84 seed 0: t   7.1 energy 4.25 lf_min 0.87 al_max 3.7 viol 0.0% 
ppo cross  6->15 plant  85 seed 0: t   nan energy 9.87 lf_min 0.35 al_max 2.1 viol 74.2% 
ppo cross 15-> 6 plant  85 seed 0: t   7.3 energy 4.14 lf_min 0.90 al_max 2.8 viol 0.0% 
ppo cross  6->15 plant  86 seed 0: t   nan energy 8.41 lf_min 0.33 al_max 1.4 viol 71.8% 
ppo cross 15-> 6 plant  86 seed 0: t   9.0 energy 3.84 lf_min 0.92 al_max 3.1 viol 0.0% 
ppo cross  6->15 plant  87 seed 0: t   nan energy 7.85 lf_min 0.33 al_max 4.9 viol 69.8% 
ppo cross 15-> 6 plant  87 seed 0: t   7.2 energy 4.01 lf_min 0.93 al_max 3.0 viol 0.0% 
ppo cross  6->15 plant  88 seed 0: t   nan energy 9.28 lf_min 0.31 al_max 6.0 viol 75.8% 
ppo cross 15-> 6 plant  88 seed 0: t   7.9 energy 4.26 lf_min 0.90 al_max 3.3 viol 0.0% 
ppo cross  6->15 plant  89 seed 0: t   nan energy 9.66 lf_min 0.26 al_max 4.6 viol 74.0% 
ppo cross 15-> 6 plant  89 seed 0: t   9.2 energy 3.84 lf_min 0.92 al_max 2.5 viol 0.0% 
ppo cross  6->15 plant  90 seed 0: t   nan energy 9.22 lf_min 0.30 al_max -0.6 viol 74.0% 
ppo cross 15-> 6 plant  90 seed 0: t   7.7 energy 3.96 lf_min 0.93 al_max 2.7 viol 0.0% 
ppo cross  6->15 plant  91 seed 0: t   nan energy 8.54 lf_min 0.33 al_max 3.2 viol 72.5% 
ppo cross 15-> 6 plant  91 seed 0: t   8.7 energy 3.76 lf_min 0.94 al_max 2.7 viol 0.0% 
ppo cross  6->15 plant  92 seed 0: t   nan energy 8.99 lf_min 0.36 al_max 5.3 viol 75.0% 
ppo cross 15-> 6 plant  92 seed 0: t   8.4 energy 4.20 lf_min 0.90 al_max 3.7 viol 0.0% 
ppo cross  6->15 plant  93 seed 0: t   nan energy 7.82 lf_min 0.39 al_max 2.0 viol 71.0% 
ppo cross 15-> 6 plant  93 seed 0: t   7.6 energy 3.97 lf_min 0.92 al_max 3.4 viol 0.0% 
ppo cross  6->15 plant  94 seed 0: t   nan energy 9.10 lf_min 0.34 al_max -0.1 viol 72.2% 
ppo cross 15-> 6 plant  94 seed 0: t   7.7 energy 3.98 lf_min 0.90 al_max 2.4 viol 0.0% 
ppo cross  6->15 plant  95 seed 0: t   nan energy 9.75 lf_min 0.20 al_max 2.6 viol 73.8% 
ppo cross 15-> 6 plant  95 seed 0: t   8.2 energy 3.92 lf_min 0.94 al_max 2.2 viol 0.0% 
ppo cross  6->15 plant  96 seed 0: t   nan energy 7.95 lf_min 0.39 al_max 4.8 viol 71.8% 
ppo cross 15-> 6 plant  96 seed 0: t  10.1 energy 3.94 lf_min 0.92 al_max 4.2 viol 0.0% 
ppo cross  6->15 plant  97 seed 0: t   nan energy 8.61 lf_min 0.33 al_max 7.6 viol 77.8% 
ppo cross 15-> 6 plant  97 seed 0: t   7.4 energy 4.04 lf_min 0.84 al_max 2.7 viol 0.0% 
ppo cross  6->15 plant  98 seed 0: t   nan energy 8.08 lf_min 0.36 al_max 0.9 viol 69.8% 
ppo cross 15-> 6 plant  98 seed 0: t   7.5 energy 3.99 lf_min 0.92 al_max 3.0 viol 0.0% 
ppo cross  6->15 plant  99 seed 0: t   nan energy 8.76 lf_min 0.33 al_max 3.3 viol 73.0% 
ppo cross 15-> 6 plant  99 seed 0: t   7.4 energy 4.08 lf_min 0.88 al_max 2.9 viol 0.0% 
ppo outbox  6->15 plant   0 seed 0: t   nan energy 9.39 lf_min 0.16 al_max 0.7 viol 73.0% 
ppo outbox 15-> 6 plant   0 seed 0: t   9.1 energy 3.87 lf_min 0.95 al_max 2.3 viol 0.0% 
ppo outbox  6->15 plant   1 seed 0: t   nan energy 9.36 lf_min -0.38 al_max 17.3 viol 77.8% 
ppo outbox 15-> 6 plant   1 seed 0: t  10.2 energy 3.89 lf_min 0.96 al_max 2.8 viol 0.0% 
ppo outbox  6->15 plant   2 seed 0: t   nan energy 9.55 lf_min 0.37 al_max 1.4 viol 74.0% 
ppo outbox 15-> 6 plant   2 seed 0: t   8.4 energy 4.31 lf_min 0.81 al_max 4.5 viol 0.0% 
ppo outbox  6->15 plant   3 seed 0: t   nan energy 8.21 lf_min 0.27 al_max 1.7 viol 72.5% 
ppo outbox 15-> 6 plant   3 seed 0: t   6.5 energy 4.55 lf_min 0.89 al_max 4.7 viol 0.0% 
ppo outbox  6->15 plant   4 seed 0: t   nan energy 9.16 lf_min 0.31 al_max 11.7 viol 79.5% 
ppo outbox 15-> 6 plant   4 seed 0: t   9.6 energy 3.68 lf_min 0.91 al_max 2.4 viol 0.0% 
ppo outbox  6->15 plant   5 seed 0: t   nan energy 9.21 lf_min 0.29 al_max 3.5 viol 74.0% 
ppo outbox 15-> 6 plant   5 seed 0: t   7.1 energy 4.00 lf_min 0.90 al_max 2.4 viol 0.0% 
ppo outbox  6->15 plant   6 seed 0: t   nan energy 10.60 lf_min 0.36 al_max -0.2 viol 76.2% 
ppo outbox 15-> 6 plant   6 seed 0: t   7.7 energy 4.15 lf_min 0.83 al_max 3.0 viol 0.0% 
ppo outbox  6->15 plant   7 seed 0: t   nan energy 3.15 lf_min -42.14 al_max -0.1 viol 96.5% 
ppo outbox 15-> 6 plant   7 seed 0: t  11.9 energy 3.83 lf_min 0.94 al_max -0.4 viol 0.0% 
ppo outbox  6->15 plant   8 seed 0: t   nan energy 7.73 lf_min 0.41 al_max 1.9 viol 71.0% 
ppo outbox 15-> 6 plant   8 seed 0: t  10.1 energy 3.74 lf_min 0.92 al_max 3.7 viol 0.0% 
ppo outbox  6->15 plant   9 seed 0: t   nan energy 10.44 lf_min 0.24 al_max 6.2 viol 77.0% 
ppo outbox 15-> 6 plant   9 seed 0: t   7.9 energy 3.91 lf_min 0.87 al_max 1.9 viol 0.0% 
ppo outbox  6->15 plant  10 seed 0: t   nan energy 9.98 lf_min -0.94 al_max 3.1 viol 77.5% 
ppo outbox 15-> 6 plant  10 seed 0: t   8.0 energy 3.97 lf_min 0.96 al_max 1.9 viol 0.0% 
ppo outbox  6->15 plant  11 seed 0: t   nan energy 7.37 lf_min 0.33 al_max 6.9 viol 73.2% 
ppo outbox 15-> 6 plant  11 seed 0: t   nan energy 3.66 lf_min 0.87 al_max 4.6 viol 0.0% 
ppo outbox  6->15 plant  12 seed 0: t   nan energy 1.25 lf_min -91.84 al_max -0.1 viol 96.0% 
ppo outbox 15-> 6 plant  12 seed 0: t   nan energy 2.83 lf_min 0.91 al_max -5.1 viol 0.0% 
ppo outbox  6->15 plant  13 seed 0: t   nan energy 9.25 lf_min 0.33 al_max 10.8 viol 79.2% 
ppo outbox 15-> 6 plant  13 seed 0: t  11.2 energy 3.96 lf_min 0.85 al_max 4.0 viol 0.0% 
ppo outbox  6->15 plant  14 seed 0: t   nan energy 5.01 lf_min -17.89 al_max -0.2 viol 96.8% 
ppo outbox 15-> 6 plant  14 seed 0: t   8.1 energy 4.11 lf_min 0.96 al_max 0.8 viol 0.0% 
ppo outbox  6->15 plant  15 seed 0: t   nan energy 9.10 lf_min 0.35 al_max 15.6 viol 82.5% 
ppo outbox 15-> 6 plant  15 seed 0: t   9.3 energy 4.08 lf_min 0.87 al_max 3.6 viol 0.0% 
ppo outbox  6->15 plant  16 seed 0: t   nan energy 7.93 lf_min 0.36 al_max 4.6 viol 71.8% 
ppo outbox 15-> 6 plant  16 seed 0: t   6.8 energy 4.07 lf_min 0.87 al_max 3.5 viol 0.0% 
ppo outbox  6->15 plant  17 seed 0: t   nan energy 7.54 lf_min 0.36 al_max 9.8 viol 77.8% 
ppo outbox 15-> 6 plant  17 seed 0: t  10.2 energy 3.68 lf_min 0.91 al_max 3.4 viol 0.0% 
ppo outbox  6->15 plant  18 seed 0: t   nan energy 9.24 lf_min 0.36 al_max 2.4 viol 72.8% 
ppo outbox 15-> 6 plant  18 seed 0: t   6.9 energy 4.41 lf_min 0.84 al_max 4.2 viol 0.0% 
ppo outbox  6->15 plant  19 seed 0: t   nan energy 9.47 lf_min 0.23 al_max 20.7 viol 85.5% 
ppo outbox 15-> 6 plant  19 seed 0: t  11.1 energy 3.76 lf_min 0.91 al_max 2.7 viol 0.0% 
ppo outbox  6->15 plant  20 seed 0: t   nan energy 7.93 lf_min 0.38 al_max 5.6 viol 76.2% 
ppo outbox 15-> 6 plant  20 seed 0: t  11.0 energy 4.00 lf_min 0.81 al_max 4.8 viol 0.0% 
ppo outbox  6->15 plant  21 seed 0: t   9.6 energy 6.27 lf_min 0.32 al_max 2.9 viol 20.8% 
ppo outbox 15-> 6 plant  21 seed 0: t   7.7 energy 4.14 lf_min 0.78 al_max 4.1 viol 0.0% 
ppo outbox  6->15 plant  22 seed 0: t   nan energy 3.50 lf_min -45.57 al_max -0.1 viol 96.5% 
ppo outbox 15-> 6 plant  22 seed 0: t  10.7 energy 3.99 lf_min 0.95 al_max -0.4 viol 0.0% 
ppo outbox  6->15 plant  23 seed 0: t   nan energy 6.95 lf_min 0.26 al_max 68.8 viol 85.5% 
ppo outbox 15-> 6 plant  23 seed 0: t  15.9 energy 3.32 lf_min 0.93 al_max 0.0 viol 0.0% 
ppo outbox  6->15 plant  24 seed 0: t   nan energy 7.41 lf_min 0.43 al_max 2.0 viol 70.0% 
ppo outbox 15-> 6 plant  24 seed 0: t   8.6 energy 3.87 lf_min 0.84 al_max 4.0 viol 0.0% 
ppo outbox  6->15 plant  25 seed 0: t   nan energy 10.04 lf_min 0.35 al_max -0.8 viol 74.2% 
ppo outbox 15-> 6 plant  25 seed 0: t   9.1 energy 4.01 lf_min 0.89 al_max 3.1 viol 0.0% 
ppo outbox  6->15 plant  26 seed 0: t   nan energy 10.06 lf_min 0.38 al_max 7.3 viol 75.2% 
ppo outbox 15-> 6 plant  26 seed 0: t   6.4 energy 4.18 lf_min 0.91 al_max 2.2 viol 0.0% 
ppo outbox  6->15 plant  27 seed 0: t   nan energy 8.24 lf_min 0.12 al_max 6.7 viol 69.5% 
ppo outbox 15-> 6 plant  27 seed 0: t   7.9 energy 3.82 lf_min 0.97 al_max 2.1 viol 0.0% 
ppo outbox  6->15 plant  28 seed 0: t   nan energy 8.06 lf_min 0.42 al_max 0.2 viol 72.8% 
ppo outbox 15-> 6 plant  28 seed 0: t   8.8 energy 3.80 lf_min 0.83 al_max 3.1 viol 0.0% 
ppo outbox  6->15 plant  29 seed 0: t   nan energy 8.19 lf_min 0.33 al_max -0.3 viol 70.0% 
ppo outbox 15-> 6 plant  29 seed 0: t   8.4 energy 3.86 lf_min 0.95 al_max 3.4 viol 0.0% 
ppo outbox  6->15 plant  30 seed 0: t   nan energy 8.07 lf_min 0.40 al_max 10.8 viol 82.8% 
ppo outbox 15-> 6 plant  30 seed 0: t   7.0 energy 4.13 lf_min 0.86 al_max 3.2 viol 0.0% 
ppo outbox  6->15 plant  31 seed 0: t   nan energy 9.25 lf_min 0.33 al_max 6.8 viol 74.5% 
ppo outbox 15-> 6 plant  31 seed 0: t   8.8 energy 4.03 lf_min 0.92 al_max 3.3 viol 0.0% 
ppo outbox  6->15 plant  32 seed 0: t   nan energy 9.16 lf_min 0.32 al_max -0.5 viol 70.5% 
ppo outbox 15-> 6 plant  32 seed 0: t   7.8 energy 4.32 lf_min 0.88 al_max 3.8 viol 0.0% 
ppo outbox  6->15 plant  33 seed 0: t   nan energy 8.40 lf_min 0.39 al_max 11.7 viol 81.0% 
ppo outbox 15-> 6 plant  33 seed 0: t   8.0 energy 3.97 lf_min 0.82 al_max 3.5 viol 0.0% 
ppo outbox  6->15 plant  34 seed 0: t   nan energy 4.55 lf_min -23.93 al_max -0.2 viol 97.0% 
ppo outbox 15-> 6 plant  34 seed 0: t   9.8 energy 3.81 lf_min 0.97 al_max 2.0 viol 0.0% 
ppo outbox  6->15 plant  35 seed 0: t   nan energy 9.59 lf_min 0.29 al_max -0.0 viol 72.0% 
ppo outbox 15-> 6 plant  35 seed 0: t   9.5 energy 4.00 lf_min 0.89 al_max 3.0 viol 0.0% 
ppo outbox  6->15 plant  36 seed 0: t   nan energy 8.76 lf_min 0.12 al_max 6.8 viol 70.2% 
ppo outbox 15-> 6 plant  36 seed 0: t   7.1 energy 4.24 lf_min 0.96 al_max 2.8 viol 0.0% 
ppo outbox  6->15 plant  37 seed 0: t   nan energy 8.44 lf_min 0.40 al_max 1.9 viol 72.5% 
ppo outbox 15-> 6 plant  37 seed 0: t   6.6 energy 4.13 lf_min 0.82 al_max 2.9 viol 0.0% 
ppo outbox  6->15 plant  38 seed 0: t   nan energy 9.25 lf_min 0.32 al_max -0.8 viol 75.5% 
ppo outbox 15-> 6 plant  38 seed 0: t   6.2 energy 4.19 lf_min 0.90 al_max 2.6 viol 0.0% 
ppo outbox  6->15 plant  39 seed 0: t   nan energy 9.36 lf_min 0.29 al_max 6.9 viol 77.0% 
ppo outbox 15-> 6 plant  39 seed 0: t   9.1 energy 4.04 lf_min 0.81 al_max 3.2 viol 0.0% 
ppo outbox  6->15 plant  40 seed 0: t   nan energy 8.12 lf_min 0.24 al_max 4.9 viol 70.2% 
ppo outbox 15-> 6 plant  40 seed 0: t   9.2 energy 3.82 lf_min 0.95 al_max 3.1 viol 0.0% 
ppo outbox  6->15 plant  41 seed 0: t   nan energy 8.03 lf_min 0.35 al_max 7.7 viol 78.5% 
ppo outbox 15-> 6 plant  41 seed 0: t   8.1 energy 4.17 lf_min 0.81 al_max 3.6 viol 0.0% 
ppo outbox  6->15 plant  42 seed 0: t   nan energy 9.14 lf_min 0.30 al_max 1.8 viol 72.2% 
ppo outbox 15-> 6 plant  42 seed 0: t   6.9 energy 4.24 lf_min 0.90 al_max 3.3 viol 0.0% 
ppo outbox  6->15 plant  43 seed 0: t   nan energy 9.37 lf_min 0.25 al_max 1.0 viol 70.0% 
ppo outbox 15-> 6 plant  43 seed 0: t  12.1 energy 3.67 lf_min 0.91 al_max 2.8 viol 0.0% 
ppo outbox  6->15 plant  44 seed 0: t   nan energy 9.39 lf_min 0.34 al_max 2.0 viol 71.5% 
ppo outbox 15-> 6 plant  44 seed 0: t   7.8 energy 4.18 lf_min 0.82 al_max 3.1 viol 0.0% 
ppo outbox  6->15 plant  45 seed 0: t   nan energy 8.50 lf_min 0.38 al_max 7.2 viol 79.0% 
ppo outbox 15-> 6 plant  45 seed 0: t   6.7 energy 4.14 lf_min 0.86 al_max 3.1 viol 0.0% 
ppo outbox  6->15 plant  46 seed 0: t   nan energy 9.23 lf_min 0.24 al_max 8.6 viol 78.5% 
ppo outbox 15-> 6 plant  46 seed 0: t  15.1 energy 3.53 lf_min 0.92 al_max 3.2 viol 0.0% 
ppo outbox  6->15 plant  47 seed 0: t   nan energy 10.46 lf_min 0.36 al_max 8.6 viol 82.8% 
ppo outbox 15-> 6 plant  47 seed 0: t   6.6 energy 4.35 lf_min 0.79 al_max 2.8 viol 0.0% 
ppo outbox  6->15 plant  48 seed 0: t   nan energy 1.57 lf_min -166.40 al_max 0.2 viol 96.0% 
ppo outbox 15-> 6 plant  48 seed 0: t   nan energy 3.30 lf_min 0.77 al_max -1.8 viol 0.0% 
ppo outbox  6->15 plant  49 seed 0: t   nan energy 10.14 lf_min 0.36 al_max 2.3 viol 74.5% 
ppo outbox 15-> 6 plant  49 seed 0: t   6.7 energy 4.23 lf_min 0.83 al_max 2.3 viol 0.0% 
ppo gust0.25  6->15 plant  -1 seed 0: t   nan energy 8.90 lf_min 0.30 al_max 1.5 viol 72.0% 
ppo gust0.25 15-> 6 plant  -1 seed 0: t   8.2 energy 4.03 lf_min 0.86 al_max 3.4 viol 0.0% 
ppo gust0.25  6->15 plant  -1 seed 1: t   nan energy 9.04 lf_min 0.31 al_max 1.6 viol 72.0% 
ppo gust0.25 15-> 6 plant  -1 seed 1: t   8.3 energy 4.09 lf_min 0.95 al_max 3.5 viol 0.0% 
ppo gust0.25  6->15 plant  -1 seed 2: t   nan energy 9.00 lf_min 0.32 al_max 3.1 viol 72.0% 
ppo gust0.25 15-> 6 plant  -1 seed 2: t   8.3 energy 4.11 lf_min 0.94 al_max 3.9 viol 0.0% 
ppo gust0.25  6->15 plant  -1 seed 3: t   nan energy 9.02 lf_min 0.32 al_max 1.7 viol 72.0% 
ppo gust0.25 15-> 6 plant  -1 seed 3: t   8.3 energy 4.09 lf_min 0.95 al_max 3.8 viol 0.0% 
ppo gust0.25  6->15 plant  -1 seed 4: t   nan energy 8.83 lf_min 0.30 al_max 1.7 viol 71.8% 
ppo gust0.25 15-> 6 plant  -1 seed 4: t   7.9 energy 3.89 lf_min 0.90 al_max 2.9 viol 0.0% 
ppo gust0.25  6->15 plant  -1 seed 5: t   nan energy 8.93 lf_min 0.31 al_max 2.0 viol 71.8% 
ppo gust0.25 15-> 6 plant  -1 seed 5: t   8.1 energy 3.99 lf_min 0.93 al_max 3.7 viol 0.0% 
ppo gust0.25  6->15 plant  -1 seed 6: t   nan energy 8.99 lf_min 0.30 al_max 2.4 viol 72.2% 
ppo gust0.25 15-> 6 plant  -1 seed 6: t   8.2 energy 4.04 lf_min 0.88 al_max 4.5 viol 0.0% 
ppo gust0.25  6->15 plant  -1 seed 7: t   nan energy 9.00 lf_min 0.32 al_max 1.2 viol 71.5% 
ppo gust0.25 15-> 6 plant  -1 seed 7: t   8.3 energy 4.05 lf_min 0.96 al_max 3.7 viol 0.0% 
ppo gust0.25  6->15 plant  -1 seed 8: t   nan energy 9.01 lf_min 0.30 al_max 1.3 viol 71.2% 
ppo gust0.25 15-> 6 plant  -1 seed 8: t   8.3 energy 4.07 lf_min 0.93 al_max 3.6 viol 0.0% 
ppo gust0.25  6->15 plant  -1 seed 9: t   nan energy 8.91 lf_min 0.30 al_max 2.1 viol 72.0% 
ppo gust0.25 15-> 6 plant  -1 seed 9: t   7.8 energy 3.93 lf_min 0.87 al_max 2.9 viol 0.0% 
ppo gust0.5  6->15 plant  -1 seed 0: t   nan energy 8.88 lf_min 0.27 al_max 2.3 viol 71.8% 
ppo gust0.5 15-> 6 plant  -1 seed 0: t   8.3 energy 4.04 lf_min 0.79 al_max 3.5 viol 0.0% 
ppo gust0.5  6->15 plant  -1 seed 1: t   nan energy 9.16 lf_min 0.29 al_max 1.8 viol 72.0% 
ppo gust0.5 15-> 6 plant  -1 seed 1: t   8.3 energy 4.16 lf_min 0.94 al_max 3.8 viol 0.0% 
ppo gust0.5  6->15 plant  -1 seed 2: t   nan energy 9.09 lf_min 0.31 al_max 4.6 viol 72.0% 
ppo gust0.5 15-> 6 plant  -1 seed 2: t   8.5 energy 4.20 lf_min 0.92 al_max 4.6 viol 0.0% 
ppo gust0.5  6->15 plant  -1 seed 3: t   nan energy 9.12 lf_min 0.30 al_max 2.1 viol 72.0% 
ppo gust0.5 15-> 6 plant  -1 seed 3: t   8.5 energy 4.17 lf_min 0.93 al_max 4.6 viol 0.0% 
ppo gust0.5  6->15 plant  -1 seed 4: t   nan energy 8.79 lf_min 0.28 al_max 2.2 viol 72.0% 
ppo gust0.5 15-> 6 plant  -1 seed 4: t   7.7 energy 3.80 lf_min 0.87 al_max 3.0 viol 0.0% 
ppo gust0.5  6->15 plant  -1 seed 5: t   nan energy 8.95 lf_min 0.29 al_max 2.7 viol 72.0% 
ppo gust0.5 15-> 6 plant  -1 seed 5: t   8.1 energy 3.96 lf_min 0.90 al_max 4.1 viol 0.0% 
ppo gust0.5  6->15 plant  -1 seed 6: t   nan energy 9.04 lf_min 0.28 al_max 3.6 viol 72.5% 
ppo gust0.5 15-> 6 plant  -1 seed 6: t   8.3 energy 4.06 lf_min 0.82 al_max 5.6 viol 1.8% 
ppo gust0.5  6->15 plant  -1 seed 7: t   nan energy 9.06 lf_min 0.31 al_max 1.0 viol 71.8% 
ppo gust0.5 15-> 6 plant  -1 seed 7: t   8.6 energy 4.08 lf_min 0.92 al_max 4.1 viol 0.0% 
ppo gust0.5  6->15 plant  -1 seed 8: t   nan energy 9.08 lf_min 0.29 al_max 1.0 viol 71.0% 
ppo gust0.5 15-> 6 plant  -1 seed 8: t   8.4 energy 4.13 lf_min 0.87 al_max 3.8 viol 0.0% 
ppo gust0.5  6->15 plant  -1 seed 9: t   nan energy 8.91 lf_min 0.27 al_max 2.9 viol 72.8% 
ppo gust0.5 15-> 6 plant  -1 seed 9: t   7.5 energy 3.85 lf_min 0.80 al_max 2.5 viol 0.0% 
ppo gust1.0  6->15 plant  -1 seed 0: t   nan energy 8.89 lf_min 0.21 al_max 3.3 viol 72.8% 
ppo gust1.0 15-> 6 plant  -1 seed 0: t   8.3 energy 4.07 lf_min 0.64 al_max 3.8 viol 5.5% 
ppo gust1.0  6->15 plant  -1 seed 1: t   nan energy 9.33 lf_min 0.25 al_max 2.1 viol 73.0% 
ppo gust1.0 15-> 6 plant  -1 seed 1: t   8.5 energy 4.30 lf_min 0.91 al_max 4.4 viol 0.0% 
ppo gust1.0  6->15 plant  -1 seed 2: t   nan energy 9.17 lf_min 0.31 al_max 2.9 viol 71.2% 
ppo gust1.0 15-> 6 plant  -1 seed 2: t   8.8 energy 4.33 lf_min 0.86 al_max 6.0 viol 1.5% 
ppo gust1.0  6->15 plant  -1 seed 3: t   nan energy 9.40 lf_min 0.25 al_max 1.8 viol 73.5% 
ppo gust1.0 15-> 6 plant  -1 seed 3: t   8.8 energy 4.29 lf_min 0.86 al_max 5.9 viol 5.5% 
ppo gust1.0  6->15 plant  -1 seed 4: t   nan energy 8.82 lf_min 0.23 al_max 6.6 viol 73.5% 
ppo gust1.0 15-> 6 plant  -1 seed 4: t   7.4 energy 3.86 lf_min 0.78 al_max 5.0 viol 0.0% 
ppo gust1.0  6->15 plant  -1 seed 5: t   nan energy 9.01 lf_min 0.25 al_max 2.1 viol 72.0% 
ppo gust1.0 15-> 6 plant  -1 seed 5: t   8.2 energy 3.97 lf_min 0.83 al_max 4.6 viol 0.0% 
ppo gust1.0  6->15 plant  -1 seed 6: t   nan energy 9.08 lf_min 0.22 al_max 6.0 viol 73.8% 
ppo gust1.0 15-> 6 plant  -1 seed 6: t   8.6 energy 4.18 lf_min 0.70 al_max 7.8 viol 4.5% 
ppo gust1.0  6->15 plant  -1 seed 7: t   nan energy 9.21 lf_min 0.20 al_max -0.4 viol 72.0% 
ppo gust1.0 15-> 6 plant  -1 seed 7: t   9.0 energy 4.16 lf_min 0.87 al_max 5.6 viol 1.8% 
ppo gust1.0  6->15 plant  -1 seed 8: t   nan energy 9.18 lf_min 0.22 al_max 0.5 viol 71.8% 
ppo gust1.0 15-> 6 plant  -1 seed 8: t   9.1 energy 4.18 lf_min 0.77 al_max 4.9 viol 0.0% 
ppo gust1.0  6->15 plant  -1 seed 9: t   nan energy 9.00 lf_min 0.23 al_max 3.3 viol 73.8% 
ppo gust1.0 15-> 6 plant  -1 seed 9: t   7.3 energy 3.85 lf_min 0.64 al_max 4.3 viol 4.0% 
ppo gust1.5  6->15 plant  -1 seed 0: t   nan energy 8.93 lf_min 0.14 al_max 4.5 viol 73.5% 
ppo gust1.5 15-> 6 plant  -1 seed 0: t   8.5 energy 4.06 lf_min 0.54 al_max 5.0 viol 9.5% 
ppo gust1.5  6->15 plant  -1 seed 1: t   nan energy 9.47 lf_min 0.23 al_max 1.8 viol 73.5% 
ppo gust1.5 15-> 6 plant  -1 seed 1: t   8.6 energy 4.36 lf_min 0.87 al_max 4.9 viol 0.0% 
ppo gust1.5  6->15 plant  -1 seed 2: t   nan energy 9.22 lf_min 0.31 al_max 1.4 viol 72.2% 
ppo gust1.5 15-> 6 plant  -1 seed 2: t   9.2 energy 4.41 lf_min 0.80 al_max 7.5 viol 2.2% 
ppo gust1.5  6->15 plant  -1 seed 3: t   nan energy 9.51 lf_min 0.19 al_max 0.3 viol 74.2% 
ppo gust1.5 15-> 6 plant  -1 seed 3: t   9.2 energy 4.38 lf_min 0.84 al_max 8.0 viol 10.2% 
ppo gust1.5  6->15 plant  -1 seed 4: t   nan energy 8.83 lf_min 0.18 al_max 10.6 viol 76.5% 
ppo gust1.5 15-> 6 plant  -1 seed 4: t   7.1 energy 4.10 lf_min 0.70 al_max 6.5 viol 7.8% 
ppo gust1.5  6->15 plant  -1 seed 5: t   nan energy 9.03 lf_min 0.20 al_max 3.1 viol 72.5% 
ppo gust1.5 15-> 6 plant  -1 seed 5: t   8.2 energy 4.10 lf_min 0.76 al_max 5.1 viol 0.8% 
ppo gust1.5  6->15 plant  -1 seed 6: t   nan energy 9.09 lf_min 0.17 al_max 8.1 viol 75.0% 
ppo gust1.5 15-> 6 plant  -1 seed 6: t   8.6 energy 4.33 lf_min 0.60 al_max 7.3 viol 9.0% 
ppo gust1.5  6->15 plant  -1 seed 7: t   nan energy 9.17 lf_min 0.05 al_max -0.3 viol 72.2% 
ppo gust1.5 15-> 6 plant  -1 seed 7: t   9.3 energy 4.26 lf_min 0.83 al_max 7.7 viol 7.2% 
ppo gust1.5  6->15 plant  -1 seed 8: t   nan energy 9.24 lf_min 0.13 al_max 1.0 viol 72.0% 
ppo gust1.5 15-> 6 plant  -1 seed 8: t   9.9 energy 4.22 lf_min 0.69 al_max 6.7 viol 6.8% 
ppo gust1.5  6->15 plant  -1 seed 9: t   nan energy 9.01 lf_min 0.23 al_max 5.7 viol 75.0% 
ppo gust1.5 15-> 6 plant  -1 seed 9: t   6.9 energy 3.99 lf_min 0.52 al_max 6.6 viol 8.2% 
ppo noise0.5  6->15 plant  -1 seed 0: t   nan energy 8.94 lf_min 0.32 al_max 1.2 viol 72.0% 
ppo noise0.5 15-> 6 plant  -1 seed 0: t   8.3 energy 4.02 lf_min 0.93 al_max 3.2 viol 0.0% 
ppo noise0.5  6->15 plant  -1 seed 1: t   nan energy 8.96 lf_min 0.32 al_max 1.2 viol 71.8% 
ppo noise0.5 15-> 6 plant  -1 seed 1: t   8.2 energy 4.03 lf_min 0.94 al_max 3.5 viol 0.0% 
ppo noise0.5  6->15 plant  -1 seed 2: t   nan energy 8.95 lf_min 0.32 al_max 1.1 viol 71.8% 
ppo noise0.5 15-> 6 plant  -1 seed 2: t   8.2 energy 4.03 lf_min 0.95 al_max 3.4 viol 0.0% 
ppo noise0.5  6->15 plant  -1 seed 3: t   nan energy 8.96 lf_min 0.32 al_max 1.4 viol 71.5% 
ppo noise0.5 15-> 6 plant  -1 seed 3: t   8.2 energy 4.02 lf_min 0.94 al_max 3.3 viol 0.0% 
ppo noise0.5  6->15 plant  -1 seed 4: t   nan energy 8.96 lf_min 0.32 al_max 1.3 viol 71.8% 
ppo noise0.5 15-> 6 plant  -1 seed 4: t   8.2 energy 4.03 lf_min 0.94 al_max 3.5 viol 0.0% 
ppo noise0.5  6->15 plant  -1 seed 5: t   nan energy 8.95 lf_min 0.32 al_max 1.3 viol 71.8% 
ppo noise0.5 15-> 6 plant  -1 seed 5: t   8.2 energy 4.03 lf_min 0.93 al_max 3.4 viol 0.0% 
ppo noise0.5  6->15 plant  -1 seed 6: t   nan energy 8.95 lf_min 0.32 al_max 1.4 viol 71.8% 
ppo noise0.5 15-> 6 plant  -1 seed 6: t   8.2 energy 4.03 lf_min 0.94 al_max 3.1 viol 0.0% 
ppo noise0.5  6->15 plant  -1 seed 7: t   nan energy 8.96 lf_min 0.32 al_max 1.1 viol 72.0% 
ppo noise0.5 15-> 6 plant  -1 seed 7: t   8.2 energy 4.04 lf_min 0.93 al_max 3.2 viol 0.0% 
ppo noise0.5  6->15 plant  -1 seed 8: t   nan energy 8.94 lf_min 0.32 al_max 1.1 viol 71.8% 
ppo noise0.5 15-> 6 plant  -1 seed 8: t   8.2 energy 4.03 lf_min 0.93 al_max 3.4 viol 0.0% 
ppo noise0.5  6->15 plant  -1 seed 9: t   nan energy 8.94 lf_min 0.32 al_max 1.4 viol 71.8% 
ppo noise0.5 15-> 6 plant  -1 seed 9: t   8.2 energy 4.02 lf_min 0.95 al_max 3.2 viol 0.0% 
ppo noise1.0  6->15 plant  -1 seed 0: t   nan energy 8.93 lf_min 0.32 al_max 1.3 viol 72.0% 
ppo noise1.0 15-> 6 plant  -1 seed 0: t   8.4 energy 4.01 lf_min 0.92 al_max 3.3 viol 0.0% 
ppo noise1.0  6->15 plant  -1 seed 1: t   nan energy 8.99 lf_min 0.32 al_max 1.3 viol 71.5% 
ppo noise1.0 15-> 6 plant  -1 seed 1: t   8.2 energy 4.03 lf_min 0.94 al_max 3.8 viol 0.0% 
ppo noise1.0  6->15 plant  -1 seed 2: t   nan energy 8.96 lf_min 0.32 al_max 1.1 viol 72.0% 
ppo noise1.0 15-> 6 plant  -1 seed 2: t   8.1 energy 4.03 lf_min 0.94 al_max 3.6 viol 0.0% 
ppo noise1.0  6->15 plant  -1 seed 3: t   nan energy 8.99 lf_min 0.32 al_max 1.8 viol 71.8% 
ppo noise1.0 15-> 6 plant  -1 seed 3: t   8.3 energy 4.02 lf_min 0.92 al_max 3.4 viol 0.0% 
ppo noise1.0  6->15 plant  -1 seed 4: t   nan energy 8.98 lf_min 0.32 al_max 1.2 viol 72.0% 
ppo noise1.0 15-> 6 plant  -1 seed 4: t   8.1 energy 4.03 lf_min 0.93 al_max 3.8 viol 0.0% 
ppo noise1.0  6->15 plant  -1 seed 5: t   nan energy 8.95 lf_min 0.32 al_max 1.4 viol 72.0% 
ppo noise1.0 15-> 6 plant  -1 seed 5: t   8.2 energy 4.03 lf_min 0.92 al_max 3.7 viol 0.0% 
ppo noise1.0  6->15 plant  -1 seed 6: t   nan energy 8.96 lf_min 0.32 al_max 1.7 viol 71.8% 
ppo noise1.0 15-> 6 plant  -1 seed 6: t   8.2 energy 4.03 lf_min 0.93 al_max 3.0 viol 0.0% 
ppo noise1.0  6->15 plant  -1 seed 7: t   nan energy 8.98 lf_min 0.32 al_max 0.9 viol 71.5% 
ppo noise1.0 15-> 6 plant  -1 seed 7: t   8.2 energy 4.04 lf_min 0.91 al_max 3.2 viol 0.0% 
ppo noise1.0  6->15 plant  -1 seed 8: t   nan energy 8.94 lf_min 0.32 al_max 1.1 viol 72.0% 
ppo noise1.0 15-> 6 plant  -1 seed 8: t   8.1 energy 4.03 lf_min 0.91 al_max 3.8 viol 0.0% 
ppo noise1.0  6->15 plant  -1 seed 9: t   nan energy 8.94 lf_min 0.32 al_max 1.6 viol 72.0% 
ppo noise1.0 15-> 6 plant  -1 seed 9: t   8.2 energy 4.02 lf_min 0.93 al_max 3.3 viol 0.0% 
ppo noise2.0  6->15 plant  -1 seed 0: t   nan energy 8.93 lf_min 0.32 al_max 1.5 viol 72.5% 
ppo noise2.0 15-> 6 plant  -1 seed 0: t   8.5 energy 3.99 lf_min 0.91 al_max 3.4 viol 0.0% 
ppo noise2.0  6->15 plant  -1 seed 1: t   nan energy 9.02 lf_min 0.32 al_max 1.5 viol 71.8% 
ppo noise2.0 15-> 6 plant  -1 seed 1: t   8.2 energy 4.04 lf_min 0.90 al_max 4.3 viol 0.0% 
ppo noise2.0  6->15 plant  -1 seed 2: t   nan energy 9.00 lf_min 0.32 al_max 1.1 viol 71.8% 
ppo noise2.0 15-> 6 plant  -1 seed 2: t   8.0 energy 4.03 lf_min 0.92 al_max 4.0 viol 0.0% 
ppo noise2.0  6->15 plant  -1 seed 3: t   nan energy 9.04 lf_min 0.32 al_max 2.4 viol 71.8% 
ppo noise2.0 15-> 6 plant  -1 seed 3: t   8.3 energy 4.01 lf_min 0.89 al_max 3.8 viol 0.0% 
ppo noise2.0  6->15 plant  -1 seed 4: t   nan energy 9.02 lf_min 0.32 al_max 1.3 viol 72.0% 
ppo noise2.0 15-> 6 plant  -1 seed 4: t   8.0 energy 4.02 lf_min 0.89 al_max 4.3 viol 0.0% 
ppo noise2.0  6->15 plant  -1 seed 5: t   nan energy 8.97 lf_min 0.32 al_max 1.7 viol 71.8% 
ppo noise2.0 15-> 6 plant  -1 seed 5: t   8.3 energy 4.04 lf_min 0.88 al_max 4.4 viol 0.0% 
ppo noise2.0  6->15 plant  -1 seed 6: t   nan energy 9.00 lf_min 0.32 al_max 2.2 viol 72.0% 
ppo noise2.0 15-> 6 plant  -1 seed 6: t   8.2 energy 4.02 lf_min 0.91 al_max 3.9 viol 0.0% 
ppo noise2.0  6->15 plant  -1 seed 7: t   nan energy 9.03 lf_min 0.31 al_max 0.6 viol 71.8% 
ppo noise2.0 15-> 6 plant  -1 seed 7: t   8.2 energy 4.05 lf_min 0.89 al_max 3.3 viol 0.0% 
ppo noise2.0  6->15 plant  -1 seed 8: t   nan energy 8.95 lf_min 0.32 al_max 1.1 viol 71.5% 
ppo noise2.0 15-> 6 plant  -1 seed 8: t   8.0 energy 4.04 lf_min 0.90 al_max 4.5 viol 0.0% 
ppo noise2.0  6->15 plant  -1 seed 9: t   nan energy 8.93 lf_min 0.32 al_max 2.0 viol 72.0% 
ppo noise2.0 15-> 6 plant  -1 seed 9: t   8.2 energy 4.02 lf_min 0.90 al_max 3.5 viol 0.0% 
ppo replay_front  6->15 plant  -1 seed 0: t   nan energy 10.12 lf_min 0.25 al_max 0.5 viol 78.0% 
ppo replay_back 15-> 6 plant  -1 seed 0: t   7.6 energy 4.16 lf_min 0.84 al_max 5.9 viol 1.0% 
done 378 s
